Archive member included to satisfy reference by file (symbol)

C:\Users\aiellog\Documents\MCUXpressoIDE_10.0.2_411\workspace\lpc_chip_11cxx_lib\Debug\liblpc_chip_11cxx_lib.a(chip_11xx.o)
                              ./src/triaxis_I2C_UART.o (SystemCoreClockUpdate)
C:\Users\aiellog\Documents\MCUXpressoIDE_10.0.2_411\workspace\lpc_chip_11cxx_lib\Debug\liblpc_chip_11cxx_lib.a(clock_11xx.o)
                              C:\Users\aiellog\Documents\MCUXpressoIDE_10.0.2_411\workspace\lpc_chip_11cxx_lib\Debug\liblpc_chip_11cxx_lib.a(chip_11xx.o) (Chip_Clock_GetSystemClockRate)
C:\Users\aiellog\Documents\MCUXpressoIDE_10.0.2_411\workspace\lpc_chip_11cxx_lib\Debug\liblpc_chip_11cxx_lib.a(i2c_11xx.o)
                              ./src/triaxis_I2C_UART.o (Chip_I2C_EventHandlerPolling)
C:\Users\aiellog\Documents\MCUXpressoIDE_10.0.2_411\workspace\lpc_chip_11cxx_lib\Debug\liblpc_chip_11cxx_lib.a(sysinit_11xx.o)
                              ./src/sysinit.o (Chip_SystemInit)
C:\Users\aiellog\Documents\MCUXpressoIDE_10.0.2_411\workspace\lpc_chip_11cxx_lib\Debug\liblpc_chip_11cxx_lib.a(uart_11xx.o)
                              ./src/triaxis_I2C_UART.o (Chip_UART_Init)
C:\Users\aiellog\Documents\MCUXpressoIDE_10.0.2_411\workspace\lpc_chip_11cxx_lib\Debug\liblpc_chip_11cxx_lib.a(ring_buffer.o)
                              C:\Users\aiellog\Documents\MCUXpressoIDE_10.0.2_411\workspace\lpc_chip_11cxx_lib\Debug\liblpc_chip_11cxx_lib.a(uart_11xx.o) (RingBuffer_Insert)
C:\Users\aiellog\Documents\MCUXpressoIDE_10.0.2_411\workspace\lpc_chip_11cxx_lib\Debug\liblpc_chip_11cxx_lib.a(sysctl_11xx.o)
                              C:\Users\aiellog\Documents\MCUXpressoIDE_10.0.2_411\workspace\lpc_chip_11cxx_lib\Debug\liblpc_chip_11cxx_lib.a(sysinit_11xx.o) (Chip_SYSCTL_PowerDown)
c:/nxp/mcuxpressoide_10.0.2_411/ide/tools/bin/../lib/gcc/arm-none-eabi/5.4.1/../../../../arm-none-eabi/lib/armv6-m\libcr_c.a(memcpy.o)
                              C:\Users\aiellog\Documents\MCUXpressoIDE_10.0.2_411\workspace\lpc_chip_11cxx_lib\Debug\liblpc_chip_11cxx_lib.a(ring_buffer.o) (memcpy)
c:/nxp/mcuxpressoide_10.0.2_411/ide/tools/bin/../lib/gcc/arm-none-eabi/5.4.1/../../../../arm-none-eabi/lib/armv6-m\libcr_c.a(memset.o)
                              C:\Users\aiellog\Documents\MCUXpressoIDE_10.0.2_411\workspace\lpc_chip_11cxx_lib\Debug\liblpc_chip_11cxx_lib.a(i2c_11xx.o) (memset)
c:/nxp/mcuxpressoide_10.0.2_411/ide/tools/bin/../lib/gcc/arm-none-eabi/5.4.1/armv6-m\libcr_eabihelpers.a(division_32.o)
                              C:\Users\aiellog\Documents\MCUXpressoIDE_10.0.2_411\workspace\lpc_chip_11cxx_lib\Debug\liblpc_chip_11cxx_lib.a(clock_11xx.o) (__aeabi_uidiv)
c:/nxp/mcuxpressoide_10.0.2_411/ide/tools/bin/../lib/gcc/arm-none-eabi/5.4.1/armv6-m\libcr_eabihelpers.a(division_idiv0.o)
                              c:/nxp/mcuxpressoide_10.0.2_411/ide/tools/bin/../lib/gcc/arm-none-eabi/5.4.1/armv6-m\libcr_eabihelpers.a(division_32.o) (__aeabi_idiv0)
c:/nxp/mcuxpressoide_10.0.2_411/ide/tools/bin/../lib/gcc/arm-none-eabi/5.4.1/armv6-m\libcr_eabihelpers.a(memcpy.o)
                              c:/nxp/mcuxpressoide_10.0.2_411/ide/tools/bin/../lib/gcc/arm-none-eabi/5.4.1/../../../../arm-none-eabi/lib/armv6-m\libcr_c.a(memcpy.o) (__aeabi_memcpy)

Allocating common symbols
Common symbol       size              file

SystemCoreClock     0x4               C:\Users\aiellog\Documents\MCUXpressoIDE_10.0.2_411\workspace\lpc_chip_11cxx_lib\Debug\liblpc_chip_11cxx_lib.a(chip_11xx.o)

Discarded input sections

 .group         0x00000000        0x8 ./src/cr_startup_lpc11xx.o
 .text          0x00000000        0x0 ./src/cr_startup_lpc11xx.o
 .data          0x00000000        0x0 ./src/cr_startup_lpc11xx.o
 .bss           0x00000000        0x0 ./src/cr_startup_lpc11xx.o
 .group         0x00000000        0x8 ./src/sysinit.o
 .group         0x00000000        0x8 ./src/sysinit.o
 .group         0x00000000        0x8 ./src/sysinit.o
 .group         0x00000000        0x8 ./src/sysinit.o
 .group         0x00000000        0x8 ./src/sysinit.o
 .group         0x00000000        0x8 ./src/sysinit.o
 .group         0x00000000        0x8 ./src/sysinit.o
 .group         0x00000000        0x8 ./src/sysinit.o
 .group         0x00000000        0x8 ./src/sysinit.o
 .group         0x00000000        0x8 ./src/sysinit.o
 .group         0x00000000        0x8 ./src/sysinit.o
 .group         0x00000000        0x8 ./src/sysinit.o
 .group         0x00000000        0x8 ./src/sysinit.o
 .group         0x00000000        0x8 ./src/sysinit.o
 .group         0x00000000        0x8 ./src/sysinit.o
 .group         0x00000000        0x8 ./src/sysinit.o
 .group         0x00000000        0x8 ./src/sysinit.o
 .group         0x00000000        0x8 ./src/sysinit.o
 .group         0x00000000        0x8 ./src/sysinit.o
 .group         0x00000000        0x8 ./src/sysinit.o
 .group         0x00000000        0x8 ./src/sysinit.o
[...]
Memory Configuration

Name             Origin             Length             Attributes
MFlash32         0x00000000         0x00008000         xr
RamLoc8          0x10000000         0x00002000         xrw
*default*        0x00000000         0xffffffff

Linker script and memory map

LOAD ./src/cr_startup_lpc11xx.o
LOAD ./src/sysinit.o
LOAD ./src/triaxis_I2C_UART.o
LOAD C:\Users\aiellog\Documents\MCUXpressoIDE_10.0.2_411\workspace\lpc_chip_11cxx_lib\Debug\liblpc_chip_11cxx_lib.a
START GROUP
LOAD c:/nxp/mcuxpressoide_10.0.2_411/ide/tools/bin/../lib/gcc/arm-none-eabi/5.4.1/../../../../arm-none-eabi/lib/armv6-m\libcr_c.a
LOAD c:/nxp/mcuxpressoide_10.0.2_411/ide/tools/bin/../lib/gcc/arm-none-eabi/5.4.1/armv6-m\libcr_eabihelpers.a
END GROUP
                0x00000000                __base_MFlash32 = 0x0
                0x00000000                __base_Flash = 0x0
                0x00008000                __top_MFlash32 = 0x8000
                0x00008000                __top_Flash = 0x8000
                0x10000000                __base_RamLoc8 = 0x10000000
                0x10000000                __base_RAM = 0x10000000
                0x10002000                __top_RamLoc8 = 0x10002000
                0x10002000                __top_RAM = 0x10002000

.text           0x00000000     0x145c
 FILL mask 0xff
                0x00000000                __vectors_start__ = ABSOLUTE (.)
 *(.isr_vector)
 .isr_vector    0x00000000       0xc0 ./src/cr_startup_lpc11xx.o
                0x00000000                g_pfnVectors
                0x000000c0                . = ALIGN (0x4)
                0x000000c0                __section_table_start = .
                0x000000c0                __data_section_table = .
                0x000000c0        0x4 LONG 0x145c LOADADDR (.data)
                0x000000c4        0x4 LONG 0x10000000 ADDR (.data)
                0x000000c8        0x4 LONG 0x20 SIZEOF (.data)
                0x000000cc                __data_section_table_end = .
                0x000000cc                __bss_section_table = .
                0x000000cc        0x4 LONG 0x10000020 ADDR (.bss)
                0x000000d0        0x4 LONG 0x18 SIZEOF (.bss)
                0x000000d4                __bss_section_table_end = .
                0x000000d4                __section_table_end = .
 *(.after_vectors*)
 .after_vectors
                0x000000d4      0x124 ./src/cr_startup_lpc11xx.o
                0x000000d4                data_init
                0x00000114                bss_init
                0x00000148                ResetISR
                0x000001c8                NMI_Handler
                0x000001d0                HardFault_Handler
                0x000001d8                SVC_Handler
                0x000001e0                PendSV_Handler
                0x000001e8                SysTick_Handler
                0x000001f0                TIMER32_1_IRQHandler
                0x000001f0                IntDefaultHandler
                0x000001f0                PIOINT1_IRQHandler
                0x000001f0                CAN_IRQHandler
                0x000001f0                TIMER32_0_IRQHandler
                0x000001f0                UART_IRQHandler
                0x000001f0                TIMER16_1_IRQHandler
                0x000001f0                ADC_IRQHandler
                0x000001f0                SSP1_IRQHandler
                0x000001f0                PIOINT2_IRQHandler
                0x000001f0                BOD_IRQHandler
                0x000001f0                WAKEUP_IRQHandler
                0x000001f0                PIOINT0_IRQHandler
                0x000001f0                I2C_IRQHandler
                0x000001f0                WDT_IRQHandler
                0x000001f0                TIMER16_0_IRQHandler
                0x000001f0                SSP0_IRQHandler
                0x000001f0                PIOINT3_IRQHandler
 *(.text*)
 .text.SystemInit
                0x000001f8       0x10 ./src/sysinit.o
                0x000001f8                SystemInit
 .text.NVIC_DisableIRQ
                0x00000208       0x30 ./src/triaxis_I2C_UART.o
 .text.Chip_SYSCTL_AssertPeriphReset
                0x00000238       0x30 ./src/triaxis_I2C_UART.o
 .text.Chip_SYSCTL_DeassertPeriphReset
                0x00000268       0x2c ./src/triaxis_I2C_UART.o
 .text.Chip_SYSCTL_PeriphReset
                0x00000294       0x28 ./src/triaxis_I2C_UART.o
 .text.Chip_Clock_EnablePeriphClock
                0x000002bc       0x30 ./src/triaxis_I2C_UART.o
 .text.Chip_IOCON_PinMuxSet
                0x000002ec       0x28 ./src/triaxis_I2C_UART.o
 .text.Chip_UART_TXEnable
                0x00000314       0x18 ./src/triaxis_I2C_UART.o
 .text.Chip_UART_SetupFIFOS
                0x0000032c       0x18 ./src/triaxis_I2C_UART.o
 .text.Chip_UART_ConfigData
                0x00000344       0x18 ./src/triaxis_I2C_UART.o
 .text.Chip_GPIO_SetPinState
                0x0000035c       0x4c ./src/triaxis_I2C_UART.o
 .text.Chip_GPIO_SetPinDIROutput
                0x000003a8       0x4c ./src/triaxis_I2C_UART.o
 .text.main     0x000003f4       0xd8 ./src/triaxis_I2C_UART.o
                0x000003f4                main
 .text.organize_packet
                0x000004cc       0x5c ./src/triaxis_I2C_UART.o
                0x000004cc                organize_packet
 .text.UART_Init
                0x00000528       0x5c ./src/triaxis_I2C_UART.o
                0x00000528                UART_Init
 .text.TRIAXIS_Init
                0x00000584       0x3c ./src/triaxis_I2C_UART.o
                0x00000584                TRIAXIS_Init
 .text.I2C_Init
                0x000005c0       0x58 ./src/triaxis_I2C_UART.o
                0x000005c0                I2C_Init
 .text.LED_Init
                0x00000618       0x64 ./src/triaxis_I2C_UART.o
                0x00000618                LED_Init
 .text.SystemCoreClockUpdate
                0x0000067c       0x18 C:\Users\aiellog\Documents\MCUXpressoIDE_10.0.2_411\workspace\lpc_chip_11cxx_lib\Debug\liblpc_chip_11cxx_lib.a(chip_11xx.o)
                0x0000067c                SystemCoreClockUpdate
 .text.Chip_Clock_GetMainOscRate
                0x00000694       0x14 C:\Users\aiellog\Documents\MCUXpressoIDE_10.0.2_411\workspace\lpc_chip_11cxx_lib\Debug\liblpc_chip_11cxx_lib.a(clock_11xx.o)
 .text.Chip_Clock_GetIntOscRate
                0x000006a8       0x10 C:\Users\aiellog\Documents\MCUXpressoIDE_10.0.2_411\workspace\lpc_chip_11cxx_lib\Debug\liblpc_chip_11cxx_lib.a(clock_11xx.o)
 .text.Chip_Clock_GetWDTLFORate
                0x000006b8       0x48 C:\Users\aiellog\Documents\MCUXpressoIDE_10.0.2_411\workspace\lpc_chip_11cxx_lib\Debug\liblpc_chip_11cxx_lib.a(clock_11xx.o)
 .text.Chip_Clock_GetPLLFreq
                0x00000700       0x24 C:\Users\aiellog\Documents\MCUXpressoIDE_10.0.2_411\workspace\lpc_chip_11cxx_lib\Debug\liblpc_chip_11cxx_lib.a(clock_11xx.o)
 .text.Chip_Clock_SetSystemPLLSource
                0x00000724       0x2c C:\Users\aiellog\Documents\MCUXpressoIDE_10.0.2_411\workspace\lpc_chip_11cxx_lib\Debug\liblpc_chip_11cxx_lib.a(clock_11xx.o)
                0x00000724                Chip_Clock_SetSystemPLLSource
 .text.Chip_Clock_SetMainClockSource
                0x00000750       0x2c C:\Users\aiellog\Documents\MCUXpressoIDE_10.0.2_411\workspace\lpc_chip_11cxx_lib\Debug\liblpc_chip_11cxx_lib.a(clock_11xx.o)
                0x00000750                Chip_Clock_SetMainClockSource
 .text.Chip_Clock_GetWDTOSCRate
                0x0000077c       0x1c C:\Users\aiellog\Documents\MCUXpressoIDE_10.0.2_411\workspace\lpc_chip_11cxx_lib\Debug\liblpc_chip_11cxx_lib.a(clock_11xx.o)
                0x0000077c                Chip_Clock_GetWDTOSCRate
 .text.Chip_Clock_GetSystemPLLInClockRate
                0x00000798       0x40 C:\Users\aiellog\Documents\MCUXpressoIDE_10.0.2_411\workspace\lpc_chip_11cxx_lib\Debug\liblpc_chip_11cxx_lib.a(clock_11xx.o)
                0x00000798                Chip_Clock_GetSystemPLLInClockRate
 .text.Chip_Clock_GetSystemPLLOutClockRate
                0x000007d8       0x24 C:\Users\aiellog\Documents\MCUXpressoIDE_10.0.2_411\workspace\lpc_chip_11cxx_lib\Debug\liblpc_chip_11cxx_lib.a(clock_11xx.o)
                0x000007d8                Chip_Clock_GetSystemPLLOutClockRate
 .text.Chip_Clock_GetMainClockRate
                0x000007fc       0x64 C:\Users\aiellog\Documents\MCUXpressoIDE_10.0.2_411\workspace\lpc_chip_11cxx_lib\Debug\liblpc_chip_11cxx_lib.a(clock_11xx.o)
                0x000007fc                Chip_Clock_GetMainClockRate
 .text.Chip_Clock_GetSystemClockRate
                0x00000860       0x24 C:\Users\aiellog\Documents\MCUXpressoIDE_10.0.2_411\workspace\lpc_chip_11cxx_lib\Debug\liblpc_chip_11cxx_lib.a(clock_11xx.o)
                0x00000860                Chip_Clock_GetSystemClockRate
 .text.Chip_Clock_EnablePeriphClock
                0x00000884       0x30 C:\Users\aiellog\Documents\MCUXpressoIDE_10.0.2_411\workspace\lpc_chip_11cxx_lib\Debug\liblpc_chip_11cxx_lib.a(i2c_11xx.o)
 .text.enableClk
                0x000008b4       0x34 C:\Users\aiellog\Documents\MCUXpressoIDE_10.0.2_411\workspace\lpc_chip_11cxx_lib\Debug\liblpc_chip_11cxx_lib.a(i2c_11xx.o)
 .text.getClkRate
                0x000008e8       0x1c C:\Users\aiellog\Documents\MCUXpressoIDE_10.0.2_411\workspace\lpc_chip_11cxx_lib\Debug\liblpc_chip_11cxx_lib.a(i2c_11xx.o)
 .text.startMasterXfer
                0x00000904       0x1c C:\Users\aiellog\Documents\MCUXpressoIDE_10.0.2_411\workspace\lpc_chip_11cxx_lib\Debug\liblpc_chip_11cxx_lib.a(i2c_11xx.o)
 .text.startSlaverXfer
                0x00000920       0x1c C:\Users\aiellog\Documents\MCUXpressoIDE_10.0.2_411\workspace\lpc_chip_11cxx_lib\Debug\liblpc_chip_11cxx_lib.a(i2c_11xx.o)
 .text.isI2CBusFree
                0x0000093c       0x20 C:\Users\aiellog\Documents\MCUXpressoIDE_10.0.2_411\workspace\lpc_chip_11cxx_lib\Debug\liblpc_chip_11cxx_lib.a(i2c_11xx.o)
 .text.getCurState
                0x0000095c       0x1c C:\Users\aiellog\Documents\MCUXpressoIDE_10.0.2_411\workspace\lpc_chip_11cxx_lib\Debug\liblpc_chip_11cxx_lib.a(i2c_11xx.o)
 .text.handleMasterXferState
                0x00000978      0x120 C:\Users\aiellog\Documents\MCUXpressoIDE_10.0.2_411\workspace\lpc_chip_11cxx_lib\Debug\liblpc_chip_11cxx_lib.a(i2c_11xx.o)
                0x00000978                handleMasterXferState
 .text.Chip_I2C_EventHandler
                0x00000a98       0x50 C:\Users\aiellog\Documents\MCUXpressoIDE_10.0.2_411\workspace\lpc_chip_11cxx_lib\Debug\liblpc_chip_11cxx_lib.a(i2c_11xx.o)
                0x00000a98                Chip_I2C_EventHandler
 .text.Chip_I2C_EventHandlerPolling
                0x00000ae8       0x68 C:\Users\aiellog\Documents\MCUXpressoIDE_10.0.2_411\workspace\lpc_chip_11cxx_lib\Debug\liblpc_chip_11cxx_lib.a(i2c_11xx.o)
                0x00000ae8                Chip_I2C_EventHandlerPolling
 .text.Chip_I2C_Init
                0x00000b50       0x38 C:\Users\aiellog\Documents\MCUXpressoIDE_10.0.2_411\workspace\lpc_chip_11cxx_lib\Debug\liblpc_chip_11cxx_lib.a(i2c_11xx.o)
                0x00000b50                Chip_I2C_Init
 .text.Chip_I2C_SetClockRate
                0x00000b88       0x70 C:\Users\aiellog\Documents\MCUXpressoIDE_10.0.2_411\workspace\lpc_chip_11cxx_lib\Debug\liblpc_chip_11cxx_lib.a(i2c_11xx.o)
                0x00000b88                Chip_I2C_SetClockRate
 .text.Chip_I2C_SetMasterEventHandler
                0x00000bf8       0x48 C:\Users\aiellog\Documents\MCUXpressoIDE_10.0.2_411\workspace\lpc_chip_11cxx_lib\Debug\liblpc_chip_11cxx_lib.a(i2c_11xx.o)
                0x00000bf8                Chip_I2C_SetMasterEventHandler
 .text.Chip_I2C_MasterTransfer
                0x00000c40       0xa4 C:\Users\aiellog\Documents\MCUXpressoIDE_10.0.2_411\workspace\lpc_chip_11cxx_lib\Debug\liblpc_chip_11cxx_lib.a(i2c_11xx.o)
                0x00000c40                Chip_I2C_MasterTransfer
 .text.Chip_I2C_MasterCmdRead
                0x00000ce4       0x84 C:\Users\aiellog\Documents\MCUXpressoIDE_10.0.2_411\workspace\lpc_chip_11cxx_lib\Debug\liblpc_chip_11cxx_lib.a(i2c_11xx.o)
                0x00000ce4                Chip_I2C_MasterCmdRead
 .text.Chip_I2C_MasterStateHandler
                0x00000d68       0x64 C:\Users\aiellog\Documents\MCUXpressoIDE_10.0.2_411\workspace\lpc_chip_11cxx_lib\Debug\liblpc_chip_11cxx_lib.a(i2c_11xx.o)
                0x00000d68                Chip_I2C_MasterStateHandler
 .text.Chip_I2C_IsStateChanged
                0x00000dcc       0x34 C:\Users\aiellog\Documents\MCUXpressoIDE_10.0.2_411\workspace\lpc_chip_11cxx_lib\Debug\liblpc_chip_11cxx_lib.a(i2c_11xx.o)
                0x00000dcc                Chip_I2C_IsStateChanged
 .text.Chip_FMC_SetFLASHAccess
                0x00000e00       0x30 C:\Users\aiellog\Documents\MCUXpressoIDE_10.0.2_411\workspace\lpc_chip_11cxx_lib\Debug\liblpc_chip_11cxx_lib.a(sysinit_11xx.o)
 .text.Chip_Clock_SetupSystemPLL
                0x00000e30       0x38 C:\Users\aiellog\Documents\MCUXpressoIDE_10.0.2_411\workspace\lpc_chip_11cxx_lib\Debug\liblpc_chip_11cxx_lib.a(sysinit_11xx.o)
 .text.Chip_Clock_IsSystemPLLLocked
                0x00000e68       0x1c C:\Users\aiellog\Documents\MCUXpressoIDE_10.0.2_411\workspace\lpc_chip_11cxx_lib\Debug\liblpc_chip_11cxx_lib.a(sysinit_11xx.o)
 .text.Chip_Clock_SetSysClockDiv
                0x00000e84       0x1c C:\Users\aiellog\Documents\MCUXpressoIDE_10.0.2_411\workspace\lpc_chip_11cxx_lib\Debug\liblpc_chip_11cxx_lib.a(sysinit_11xx.o)
 .text.Chip_Clock_EnablePeriphClock
                0x00000ea0       0x30 C:\Users\aiellog\Documents\MCUXpressoIDE_10.0.2_411\workspace\lpc_chip_11cxx_lib\Debug\liblpc_chip_11cxx_lib.a(sysinit_11xx.o)
 .text.Chip_SystemInit
                0x00000ed0       0x5c C:\Users\aiellog\Documents\MCUXpressoIDE_10.0.2_411\workspace\lpc_chip_11cxx_lib\Debug\liblpc_chip_11cxx_lib.a(sysinit_11xx.o)
                0x00000ed0                Chip_SystemInit
 .text.Chip_Clock_EnablePeriphClock
                0x00000f2c       0x30 C:\Users\aiellog\Documents\MCUXpressoIDE_10.0.2_411\workspace\lpc_chip_11cxx_lib\Debug\liblpc_chip_11cxx_lib.a(uart_11xx.o)
 .text.Chip_Clock_SetUARTClockDiv
                0x00000f5c       0x1c C:\Users\aiellog\Documents\MCUXpressoIDE_10.0.2_411\workspace\lpc_chip_11cxx_lib\Debug\liblpc_chip_11cxx_lib.a(uart_11xx.o)
 .text.Chip_UART_SendByte
                0x00000f78       0x20 C:\Users\aiellog\Documents\MCUXpressoIDE_10.0.2_411\workspace\lpc_chip_11cxx_lib\Debug\liblpc_chip_11cxx_lib.a(uart_11xx.o)
 .text.Chip_UART_SetupFIFOS
                0x00000f98       0x18 C:\Users\aiellog\Documents\MCUXpressoIDE_10.0.2_411\workspace\lpc_chip_11cxx_lib\Debug\liblpc_chip_11cxx_lib.a(uart_11xx.o)
 .text.Chip_UART_ConfigData
                0x00000fb0       0x18 C:\Users\aiellog\Documents\MCUXpressoIDE_10.0.2_411\workspace\lpc_chip_11cxx_lib\Debug\liblpc_chip_11cxx_lib.a(uart_11xx.o)
 .text.Chip_UART_EnableDivisorAccess
                0x00000fc8       0x1c C:\Users\aiellog\Documents\MCUXpressoIDE_10.0.2_411\workspace\lpc_chip_11cxx_lib\Debug\liblpc_chip_11cxx_lib.a(uart_11xx.o)
 .text.Chip_UART_DisableDivisorAccess
                0x00000fe4       0x20 C:\Users\aiellog\Documents\MCUXpressoIDE_10.0.2_411\workspace\lpc_chip_11cxx_lib\Debug\liblpc_chip_11cxx_lib.a(uart_11xx.o)
 .text.Chip_UART_SetDivisorLatches
                0x00001004       0x30 C:\Users\aiellog\Documents\MCUXpressoIDE_10.0.2_411\workspace\lpc_chip_11cxx_lib\Debug\liblpc_chip_11cxx_lib.a(uart_11xx.o)
 .text.Chip_UART_ReadLineStatus
                0x00001034       0x14 C:\Users\aiellog\Documents\MCUXpressoIDE_10.0.2_411\workspace\lpc_chip_11cxx_lib\Debug\liblpc_chip_11cxx_lib.a(uart_11xx.o)
 .text.Chip_UART_Init
                0x00001048       0x38 C:\Users\aiellog\Documents\MCUXpressoIDE_10.0.2_411\workspace\lpc_chip_11cxx_lib\Debug\liblpc_chip_11cxx_lib.a(uart_11xx.o)
                0x00001048                Chip_UART_Init
 .text.Chip_UART_Send
                0x00001080       0x54 C:\Users\aiellog\Documents\MCUXpressoIDE_10.0.2_411\workspace\lpc_chip_11cxx_lib\Debug\liblpc_chip_11cxx_lib.a(uart_11xx.o)
                0x00001080                Chip_UART_Send
 .text.Chip_UART_SendBlocking
                0x000010d4       0x50 C:\Users\aiellog\Documents\MCUXpressoIDE_10.0.2_411\workspace\lpc_chip_11cxx_lib\Debug\liblpc_chip_11cxx_lib.a(uart_11xx.o)
                0x000010d4                Chip_UART_SendBlocking
 .text.Chip_UART_SetBaud
                0x00001124       0x64 C:\Users\aiellog\Documents\MCUXpressoIDE_10.0.2_411\workspace\lpc_chip_11cxx_lib\Debug\liblpc_chip_11cxx_lib.a(uart_11xx.o)
                0x00001124                Chip_UART_SetBaud
 .text.Chip_SYSCTL_PowerDown
                0x00001188       0x40 C:\Users\aiellog\Documents\MCUXpressoIDE_10.0.2_411\workspace\lpc_chip_11cxx_lib\Debug\liblpc_chip_11cxx_lib.a(sysctl_11xx.o)
                0x00001188                Chip_SYSCTL_PowerDown
 .text.Chip_SYSCTL_PowerUp
                0x000011c8       0x40 C:\Users\aiellog\Documents\MCUXpressoIDE_10.0.2_411\workspace\lpc_chip_11cxx_lib\Debug\liblpc_chip_11cxx_lib.a(sysctl_11xx.o)
                0x000011c8                Chip_SYSCTL_PowerUp
 .text.memset   0x00001208        0x8 c:/nxp/mcuxpressoide_10.0.2_411/ide/tools/bin/../lib/gcc/arm-none-eabi/5.4.1/../../../../arm-none-eabi/lib/armv6-m\libcr_c.a(memset.o)
                0x00001208                memset
 .text.__aeabi_division_idivmod
                0x00001210       0x78 c:/nxp/mcuxpressoide_10.0.2_411/ide/tools/bin/../lib/gcc/arm-none-eabi/5.4.1/armv6-m\libcr_eabihelpers.a(division_32.o)
                0x00001210                __aeabi_idivmod
                0x00001210                __aeabi_idiv
                0x00001216                __aeabi_uidivmod
                0x00001216                __aeabi_uidiv
 .text.__aeabi_division_idiv0
                0x00001288        0x2 c:/nxp/mcuxpressoide_10.0.2_411/ide/tools/bin/../lib/gcc/arm-none-eabi/5.4.1/armv6-m\libcr_eabihelpers.a(division_idiv0.o)
                0x00001288                __aeabi_idiv0
 .text.__aeabi_memset_lowlevel
                0x0000128a       0x2a c:/nxp/mcuxpressoide_10.0.2_411/ide/tools/bin/../lib/gcc/arm-none-eabi/5.4.1/armv6-m\libcr_eabihelpers.a(memcpy.o)
                0x0000128a                __aeabi_lowlevel_memset
 *(.rodata .rodata.* .constdata .constdata.*)
 .rodata.OscRateIn
                0x000012b4        0x4 ./src/sysinit.o
                0x000012b4                OscRateIn
 .rodata.wdtOSCRate
                0x000012b8       0x40 C:\Users\aiellog\Documents\MCUXpressoIDE_10.0.2_411\workspace\lpc_chip_11cxx_lib\Debug\liblpc_chip_11cxx_lib.a(clock_11xx.o)
 .rodata.handleMasterXferState
                0x000012f8      0x164 C:\Users\aiellog\Documents\MCUXpressoIDE_10.0.2_411\workspace\lpc_chip_11cxx_lib\Debug\liblpc_chip_11cxx_lib.a(i2c_11xx.o)
                0x0000145c                . = ALIGN (0x4)

.glue_7         0x0000145c        0x0
 .glue_7        0x0000145c        0x0 linker stubs

.glue_7t        0x0000145c        0x0
 .glue_7t       0x0000145c        0x0 linker stubs

.vfp11_veneer   0x0000145c        0x0
 .vfp11_veneer  0x0000145c        0x0 linker stubs

.v4_bx          0x0000145c        0x0
 .v4_bx         0x0000145c        0x0 linker stubs

.iplt           0x0000145c        0x0
 .iplt          0x0000145c        0x0 ./src/cr_startup_lpc11xx.o

.rel.dyn        0x0000145c        0x0
 .rel.iplt      0x0000145c        0x0 ./src/cr_startup_lpc11xx.o

.ARM.extab
 *(.ARM.extab* .gnu.linkonce.armextab.*)
                0x0000145c                __exidx_start = .

.ARM.exidx
 *(.ARM.exidx* .gnu.linkonce.armexidx.*)
                0x0000145c                __exidx_end = .
                0x0000145c                _etext = .

.uninit_RESERVED
                0x10000000        0x0
 *(.bss.$RESERVED*)
                0x10000000                . = ALIGN (0x4)
                0x10000000                _end_uninit_RESERVED = .

.data           0x10000000       0x20 load address 0x0000145c
 FILL mask 0xff
                0x10000000                _data = .
 *(vtable)
 *(.ramfunc*)
 *(.data*)
 .data.LED_state
                0x10000000        0x1 ./src/triaxis_I2C_UART.o
                0x10000000                LED_state
 *fill*         0x10000001        0x3 ff
 .data.i2c      0x10000004       0x1c C:\Users\aiellog\Documents\MCUXpressoIDE_10.0.2_411\workspace\lpc_chip_11cxx_lib\Debug\liblpc_chip_11cxx_lib.a(i2c_11xx.o)
                0x10000020                . = ALIGN (0x4)
                0x10000020                _edata = .

.igot.plt       0x10000020        0x0 load address 0x0000147c
 .igot.plt      0x10000020        0x0 ./src/cr_startup_lpc11xx.o

.bss            0x10000020       0x18 load address 0x0000147c
                0x10000020                _bss = .
 *(.bss*)
 .bss.data      0x10000020        0x7 ./src/triaxis_I2C_UART.o
                0x10000020                data
 *fill*         0x10000027        0x1 
 .bss.packet    0x10000028        0xb ./src/triaxis_I2C_UART.o
                0x10000028                packet
 .bss.status    0x10000033        0x1 ./src/triaxis_I2C_UART.o
                0x10000033                status
 *(COMMON)
 COMMON         0x10000034        0x4 C:\Users\aiellog\Documents\MCUXpressoIDE_10.0.2_411\workspace\lpc_chip_11cxx_lib\Debug\liblpc_chip_11cxx_lib.a(chip_11xx.o)
                0x10000034                SystemCoreClock
                0x10000038                . = ALIGN (0x4)
                0x10000038                _ebss = .
                [!provide]                PROVIDE (end, .)

.noinit         0x10000038        0x0 load address 0x0000147c
                0x10000038                _noinit = .
 *(.noinit*)
                0x10000038                . = ALIGN (0x4)
                0x10000038                _end_noinit = .
                [!provide]                PROVIDE (_pvHeapStart, DEFINED (__user_heap_base)?__user_heap_base:.)
                0x10002000                PROVIDE (_vStackTop, DEFINED (__user_stack_top)?__user_stack_top:(__top_RamLoc8 - 0x0))
                0xefffdb1d                PROVIDE (__valid_user_code_checksum, (0x0 - (((_vStackTop + (ResetISR + 0x1)) + (DEFINED (NMI_Handler)?NMI_Handler:M0_NMI_Handler + 0x1)) + (DEFINED (HardFault_Handler)?HardFault_Handler:M0_HardFault_Handler + 0x1))))
OUTPUT(triaxis_I2C_UART.axf elf32-littlearm)

.debug_info     0x00000000     0x4847
 .debug_info    0x00000000      0x203 ./src/cr_startup_lpc11xx.o
 .debug_info    0x00000203       0xd3 ./src/sysinit.o
 .debug_info    0x000002d6      0xf60 ./src/triaxis_I2C_UART.o
 .debug_info    0x00001236       0xc2 C:\Users\aiellog\Documents\MCUXpressoIDE_10.0.2_411\workspace\lpc_chip_11cxx_lib\Debug\liblpc_chip_11cxx_lib.a(chip_11xx.o)
 .debug_info    0x000012f8      0x893 C:\Users\aiellog\Documents\MCUXpressoIDE_10.0.2_411\workspace\lpc_chip_11cxx_lib\Debug\liblpc_chip_11cxx_lib.a(clock_11xx.o)
 .debug_info    0x00001b8b     0x10ad C:\Users\aiellog\Documents\MCUXpressoIDE_10.0.2_411\workspace\lpc_chip_11cxx_lib\Debug\liblpc_chip_11cxx_lib.a(i2c_11xx.o)
 .debug_info    0x00002c38      0x7f6 C:\Users\aiellog\Documents\MCUXpressoIDE_10.0.2_411\workspace\lpc_chip_11cxx_lib\Debug\liblpc_chip_11cxx_lib.a(sysinit_11xx.o)
 .debug_info    0x0000342e      0xe86 C:\Users\aiellog\Documents\MCUXpressoIDE_10.0.2_411\workspace\lpc_chip_11cxx_lib\Debug\liblpc_chip_11cxx_lib.a(uart_11xx.o)
 .debug_info    0x000042b4      0x593 C:\Users\aiellog\Documents\MCUXpressoIDE_10.0.2_411\workspace\lpc_chip_11cxx_lib\Debug\liblpc_chip_11cxx_lib.a(sysctl_11xx.o)

.debug_abbrev   0x00000000      0xd58
 .debug_abbrev  0x00000000       0xe6 ./src/cr_startup_lpc11xx.o
 .debug_abbrev  0x000000e6       0x6a ./src/sysinit.o
 .debug_abbrev  0x00000150      0x2ba ./src/triaxis_I2C_UART.o
 .debug_abbrev  0x0000040a       0x7b C:\Users\aiellog\Documents\MCUXpressoIDE_10.0.2_411\workspace\lpc_chip_11cxx_lib\Debug\liblpc_chip_11cxx_lib.a(chip_11xx.o)
 .debug_abbrev  0x00000485      0x1c0 C:\Users\aiellog\Documents\MCUXpressoIDE_10.0.2_411\workspace\lpc_chip_11cxx_lib\Debug\liblpc_chip_11cxx_lib.a(clock_11xx.o)
 .debug_abbrev  0x00000645      0x2d1 C:\Users\aiellog\Documents\MCUXpressoIDE_10.0.2_411\workspace\lpc_chip_11cxx_lib\Debug\liblpc_chip_11cxx_lib.a(i2c_11xx.o)
 .debug_abbrev  0x00000916      0x171 C:\Users\aiellog\Documents\MCUXpressoIDE_10.0.2_411\workspace\lpc_chip_11cxx_lib\Debug\liblpc_chip_11cxx_lib.a(sysinit_11xx.o)
 .debug_abbrev  0x00000a87      0x203 C:\Users\aiellog\Documents\MCUXpressoIDE_10.0.2_411\workspace\lpc_chip_11cxx_lib\Debug\liblpc_chip_11cxx_lib.a(uart_11xx.o)
 .debug_abbrev  0x00000c8a       0xce C:\Users\aiellog\Documents\MCUXpressoIDE_10.0.2_411\workspace\lpc_chip_11cxx_lib\Debug\liblpc_chip_11cxx_lib.a(sysctl_11xx.o)

.debug_aranges  0x00000000      0x460
 .debug_aranges
                0x00000000       0x60 ./src/cr_startup_lpc11xx.o
 .debug_aranges
                0x00000060       0x20 ./src/sysinit.o
 .debug_aranges
                0x00000080       0xa0 ./src/triaxis_I2C_UART.o
 .debug_aranges
                0x00000120       0x20 C:\Users\aiellog\Documents\MCUXpressoIDE_10.0.2_411\workspace\lpc_chip_11cxx_lib\Debug\liblpc_chip_11cxx_lib.a(chip_11xx.o)
 .debug_aranges
                0x00000140       0x88 C:\Users\aiellog\Documents\MCUXpressoIDE_10.0.2_411\workspace\lpc_chip_11cxx_lib\Debug\liblpc_chip_11cxx_lib.a(clock_11xx.o)
 .debug_aranges
                0x000001c8      0x128 C:\Users\aiellog\Documents\MCUXpressoIDE_10.0.2_411\workspace\lpc_chip_11cxx_lib\Debug\liblpc_chip_11cxx_lib.a(i2c_11xx.o)
 .debug_aranges
                0x000002f0       0x48 C:\Users\aiellog\Documents\MCUXpressoIDE_10.0.2_411\workspace\lpc_chip_11cxx_lib\Debug\liblpc_chip_11cxx_lib.a(sysinit_11xx.o)
 .debug_aranges
                0x00000338       0xf0 C:\Users\aiellog\Documents\MCUXpressoIDE_10.0.2_411\workspace\lpc_chip_11cxx_lib\Debug\liblpc_chip_11cxx_lib.a(uart_11xx.o)
 .debug_aranges
                0x00000428       0x38 C:\Users\aiellog\Documents\MCUXpressoIDE_10.0.2_411\workspace\lpc_chip_11cxx_lib\Debug\liblpc_chip_11cxx_lib.a(sysctl_11xx.o)

.debug_ranges   0x00000000      0x3d0
 .debug_ranges  0x00000000       0x50 ./src/cr_startup_lpc11xx.o
 .debug_ranges  0x00000050       0x10 ./src/sysinit.o
 .debug_ranges  0x00000060       0x90 ./src/triaxis_I2C_UART.o
 .debug_ranges  0x000000f0       0x10 C:\Users\aiellog\Documents\MCUXpressoIDE_10.0.2_411\workspace\lpc_chip_11cxx_lib\Debug\liblpc_chip_11cxx_lib.a(chip_11xx.o)
 .debug_ranges  0x00000100       0x78 C:\Users\aiellog\Documents\MCUXpressoIDE_10.0.2_411\workspace\lpc_chip_11cxx_lib\Debug\liblpc_chip_11cxx_lib.a(clock_11xx.o)
 .debug_ranges  0x00000178      0x118 C:\Users\aiellog\Documents\MCUXpressoIDE_10.0.2_411\workspace\lpc_chip_11cxx_lib\Debug\liblpc_chip_11cxx_lib.a(i2c_11xx.o)
 .debug_ranges  0x00000290       0x38 C:\Users\aiellog\Documents\MCUXpressoIDE_10.0.2_411\workspace\lpc_chip_11cxx_lib\Debug\liblpc_chip_11cxx_lib.a(sysinit_11xx.o)
 .debug_ranges  0x000002c8       0xe0 C:\Users\aiellog\Documents\MCUXpressoIDE_10.0.2_411\workspace\lpc_chip_11cxx_lib\Debug\liblpc_chip_11cxx_lib.a(uart_11xx.o)
 .debug_ranges  0x000003a8       0x28 C:\Users\aiellog\Documents\MCUXpressoIDE_10.0.2_411\workspace\lpc_chip_11cxx_lib\Debug\liblpc_chip_11cxx_lib.a(sysctl_11xx.o)

.debug_macro    0x00000000     0x35e6
 .debug_macro   0x00000000       0x1d ./src/cr_startup_lpc11xx.o
 .debug_macro   0x0000001d      0x838 ./src/cr_startup_lpc11xx.o
 .debug_macro   0x00000855      0x16f ./src/sysinit.o
 .debug_macro   0x000009c4       0x22 ./src/sysinit.o
 .debug_macro   0x000009e6       0x87 ./src/sysinit.o
 .debug_macro   0x00000a6d       0x44 ./src/sysinit.o
 .debug_macro   0x00000ab1       0xfd ./src/sysinit.o
 .debug_macro   0x00000bae       0x5e ./src/sysinit.o
 .debug_macro   0x00000c0c      0x1df ./src/sysinit.o
 .debug_macro   0x00000deb       0x22 ./src/sysinit.o
 .debug_macro   0x00000e0d       0x66 ./src/sysinit.o
 .debug_macro   0x00000e73       0x10 ./src/sysinit.o
 .debug_macro   0x00000e83       0x1f ./src/sysinit.o
 .debug_macro   0x00000ea2       0x3a ./src/sysinit.o
 .debug_macro   0x00000edc      0x241 ./src/sysinit.o
 .debug_macro   0x0000111d      0x117 ./src/sysinit.o
 .debug_macro   0x00001234       0x22 ./src/sysinit.o
 .debug_macro   0x00001256       0xb2 ./src/sysinit.o
 .debug_macro   0x00001308       0x10 ./src/sysinit.o
 .debug_macro   0x00001318      0x137 ./src/sysinit.o
 .debug_macro   0x0000144f       0x4c ./src/sysinit.o
 .debug_macro   0x0000149b       0x16 ./src/sysinit.o
 .debug_macro   0x000014b1      0x31a ./src/sysinit.o
 .debug_macro   0x000017cb       0x2e ./src/sysinit.o
 .debug_macro   0x000017f9       0xb8 ./src/sysinit.o
 .debug_macro   0x000018b1       0x11 ./src/sysinit.o
 .debug_macro   0x000018c2       0x7c ./src/sysinit.o
 .debug_macro   0x0000193e      0x21c ./src/sysinit.o
 .debug_macro   0x00001b5a      0x113 ./src/sysinit.o
 .debug_macro   0x00001c6d      0x1c9 ./src/triaxis_I2C_UART.o
 .debug_macro   0x00001e36      0x148 C:\Users\aiellog\Documents\MCUXpressoIDE_10.0.2_411\workspace\lpc_chip_11cxx_lib\Debug\liblpc_chip_11cxx_lib.a(chip_11xx.o)
 .debug_macro   0x00001f7e      0x838 C:\Users\aiellog\Documents\MCUXpressoIDE_10.0.2_411\workspace\lpc_chip_11cxx_lib\Debug\liblpc_chip_11cxx_lib.a(chip_11xx.o)
 .debug_macro   0x000027b6       0x10 C:\Users\aiellog\Documents\MCUXpressoIDE_10.0.2_411\workspace\lpc_chip_11cxx_lib\Debug\liblpc_chip_11cxx_lib.a(chip_11xx.o)
 .debug_macro   0x000027c6      0x12d C:\Users\aiellog\Documents\MCUXpressoIDE_10.0.2_411\workspace\lpc_chip_11cxx_lib\Debug\liblpc_chip_11cxx_lib.a(chip_11xx.o)
 .debug_macro   0x000028f3      0x5b2 C:\Users\aiellog\Documents\MCUXpressoIDE_10.0.2_411\workspace\lpc_chip_11cxx_lib\Debug\liblpc_chip_11cxx_lib.a(chip_11xx.o)
 .debug_macro   0x00002ea5       0x22 C:\Users\aiellog\Documents\MCUXpressoIDE_10.0.2_411\workspace\lpc_chip_11cxx_lib\Debug\liblpc_chip_11cxx_lib.a(chip_11xx.o)
 .debug_macro   0x00002ec7       0x7b C:\Users\aiellog\Documents\MCUXpressoIDE_10.0.2_411\workspace\lpc_chip_11cxx_lib\Debug\liblpc_chip_11cxx_lib.a(chip_11xx.o)
 .debug_macro   0x00002f42      0x148 C:\Users\aiellog\Documents\MCUXpressoIDE_10.0.2_411\workspace\lpc_chip_11cxx_lib\Debug\liblpc_chip_11cxx_lib.a(clock_11xx.o)
 .debug_macro   0x0000308a      0x15a C:\Users\aiellog\Documents\MCUXpressoIDE_10.0.2_411\workspace\lpc_chip_11cxx_lib\Debug\liblpc_chip_11cxx_lib.a(i2c_11xx.o)
 .debug_macro   0x000031e4      0x148 C:\Users\aiellog\Documents\MCUXpressoIDE_10.0.2_411\workspace\lpc_chip_11cxx_lib\Debug\liblpc_chip_11cxx_lib.a(sysinit_11xx.o)
 .debug_macro   0x0000332c      0x148 C:\Users\aiellog\Documents\MCUXpressoIDE_10.0.2_411\workspace\lpc_chip_11cxx_lib\Debug\liblpc_chip_11cxx_lib.a(uart_11xx.o)
 .debug_macro   0x00003474      0x172 C:\Users\aiellog\Documents\MCUXpressoIDE_10.0.2_411\workspace\lpc_chip_11cxx_lib\Debug\liblpc_chip_11cxx_lib.a(sysctl_11xx.o)

.debug_line     0x00000000     0x21f4
 .debug_line    0x00000000       0xb8 ./src/cr_startup_lpc11xx.o
 .debug_line    0x000000b8      0x390 ./src/sysinit.o
 .debug_line    0x00000448      0x535 ./src/triaxis_I2C_UART.o
 .debug_line    0x0000097d      0x2c7 C:\Users\aiellog\Documents\MCUXpressoIDE_10.0.2_411\workspace\lpc_chip_11cxx_lib\Debug\liblpc_chip_11cxx_lib.a(chip_11xx.o)
 .debug_line    0x00000c44      0x3f2 C:\Users\aiellog\Documents\MCUXpressoIDE_10.0.2_411\workspace\lpc_chip_11cxx_lib\Debug\liblpc_chip_11cxx_lib.a(clock_11xx.o)
 .debug_line    0x00001036      0x645 C:\Users\aiellog\Documents\MCUXpressoIDE_10.0.2_411\workspace\lpc_chip_11cxx_lib\Debug\liblpc_chip_11cxx_lib.a(i2c_11xx.o)
 .debug_line    0x0000167b      0x33e C:\Users\aiellog\Documents\MCUXpressoIDE_10.0.2_411\workspace\lpc_chip_11cxx_lib\Debug\liblpc_chip_11cxx_lib.a(sysinit_11xx.o)
 .debug_line    0x000019b9      0x537 C:\Users\aiellog\Documents\MCUXpressoIDE_10.0.2_411\workspace\lpc_chip_11cxx_lib\Debug\liblpc_chip_11cxx_lib.a(uart_11xx.o)
 .debug_line    0x00001ef0      0x304 C:\Users\aiellog\Documents\MCUXpressoIDE_10.0.2_411\workspace\lpc_chip_11cxx_lib\Debug\liblpc_chip_11cxx_lib.a(sysctl_11xx.o)

.debug_str      0x00000000     0xa962
 .debug_str     0x00000000     0x250c ./src/cr_startup_lpc11xx.o
                               0x251f (size before relaxing)
 .debug_str     0x0000250c     0x4f3d ./src/sysinit.o
                               0x74a4 (size before relaxing)
 .debug_str     0x00007449      0xce2 ./src/triaxis_I2C_UART.o
                               0x81b5 (size before relaxing)
 .debug_str     0x0000812b     0x17d2 C:\Users\aiellog\Documents\MCUXpressoIDE_10.0.2_411\workspace\lpc_chip_11cxx_lib\Debug\liblpc_chip_11cxx_lib.a(chip_11xx.o)
                               0x7cba (size before relaxing)
 .debug_str     0x000098fd      0x555 C:\Users\aiellog\Documents\MCUXpressoIDE_10.0.2_411\workspace\lpc_chip_11cxx_lib\Debug\liblpc_chip_11cxx_lib.a(clock_11xx.o)
                               0x847e (size before relaxing)
 .debug_str     0x00009e52      0x5a4 C:\Users\aiellog\Documents\MCUXpressoIDE_10.0.2_411\workspace\lpc_chip_11cxx_lib\Debug\liblpc_chip_11cxx_lib.a(i2c_11xx.o)
                               0x86b5 (size before relaxing)
 .debug_str     0x0000a3f6      0x136 C:\Users\aiellog\Documents\MCUXpressoIDE_10.0.2_411\workspace\lpc_chip_11cxx_lib\Debug\liblpc_chip_11cxx_lib.a(sysinit_11xx.o)
                               0x8321 (size before relaxing)
 .debug_str     0x0000a52c      0x297 C:\Users\aiellog\Documents\MCUXpressoIDE_10.0.2_411\workspace\lpc_chip_11cxx_lib\Debug\liblpc_chip_11cxx_lib.a(uart_11xx.o)
                               0x8432 (size before relaxing)
 .debug_str     0x0000a7c3      0x19f C:\Users\aiellog\Documents\MCUXpressoIDE_10.0.2_411\workspace\lpc_chip_11cxx_lib\Debug\liblpc_chip_11cxx_lib.a(sysctl_11xx.o)
                               0x80c8 (size before relaxing)

.comment        0x00000000       0x6e
 .comment       0x00000000       0x6e ./src/cr_startup_lpc11xx.o
                                 0x6f (size before relaxing)
 .comment       0x0000006e       0x6f ./src/sysinit.o
 .comment       0x0000006e       0x6f ./src/triaxis_I2C_UART.o
 .comment       0x0000006e       0x6f C:\Users\aiellog\Documents\MCUXpressoIDE_10.0.2_411\workspace\lpc_chip_11cxx_lib\Debug\liblpc_chip_11cxx_lib.a(chip_11xx.o)
 .comment       0x0000006e       0x6f C:\Users\aiellog\Documents\MCUXpressoIDE_10.0.2_411\workspace\lpc_chip_11cxx_lib\Debug\liblpc_chip_11cxx_lib.a(clock_11xx.o)
 .comment       0x0000006e       0x6f C:\Users\aiellog\Documents\MCUXpressoIDE_10.0.2_411\workspace\lpc_chip_11cxx_lib\Debug\liblpc_chip_11cxx_lib.a(i2c_11xx.o)
 .comment       0x0000006e       0x6f C:\Users\aiellog\Documents\MCUXpressoIDE_10.0.2_411\workspace\lpc_chip_11cxx_lib\Debug\liblpc_chip_11cxx_lib.a(sysinit_11xx.o)
 .comment       0x0000006e       0x6f C:\Users\aiellog\Documents\MCUXpressoIDE_10.0.2_411\workspace\lpc_chip_11cxx_lib\Debug\liblpc_chip_11cxx_lib.a(uart_11xx.o)
 .comment       0x0000006e       0x6f C:\Users\aiellog\Documents\MCUXpressoIDE_10.0.2_411\workspace\lpc_chip_11cxx_lib\Debug\liblpc_chip_11cxx_lib.a(sysctl_11xx.o)
 .comment       0x0000006e       0x6f c:/nxp/mcuxpressoide_10.0.2_411/ide/tools/bin/../lib/gcc/arm-none-eabi/5.4.1/../../../../arm-none-eabi/lib/armv6-m\libcr_c.a(memset.o)

.ARM.attributes
                0x00000000       0x2f
 .ARM.attributes
                0x00000000       0x31 ./src/cr_startup_lpc11xx.o
 .ARM.attributes
                0x00000031       0x31 ./src/sysinit.o
 .ARM.attributes
                0x00000062       0x31 ./src/triaxis_I2C_UART.o
 .ARM.attributes
                0x00000093       0x31 C:\Users\aiellog\Documents\MCUXpressoIDE_10.0.2_411\workspace\lpc_chip_11cxx_lib\Debug\liblpc_chip_11cxx_lib.a(chip_11xx.o)
 .ARM.attributes
                0x000000c4       0x31 C:\Users\aiellog\Documents\MCUXpressoIDE_10.0.2_411\workspace\lpc_chip_11cxx_lib\Debug\liblpc_chip_11cxx_lib.a(clock_11xx.o)
 .ARM.attributes
                0x000000f5       0x31 C:\Users\aiellog\Documents\MCUXpressoIDE_10.0.2_411\workspace\lpc_chip_11cxx_lib\Debug\liblpc_chip_11cxx_lib.a(i2c_11xx.o)
 .ARM.attributes
                0x00000126       0x31 C:\Users\aiellog\Documents\MCUXpressoIDE_10.0.2_411\workspace\lpc_chip_11cxx_lib\Debug\liblpc_chip_11cxx_lib.a(sysinit_11xx.o)
 .ARM.attributes
                0x00000157       0x31 C:\Users\aiellog\Documents\MCUXpressoIDE_10.0.2_411\workspace\lpc_chip_11cxx_lib\Debug\liblpc_chip_11cxx_lib.a(uart_11xx.o)
 .ARM.attributes
                0x00000188       0x31 C:\Users\aiellog\Documents\MCUXpressoIDE_10.0.2_411\workspace\lpc_chip_11cxx_lib\Debug\liblpc_chip_11cxx_lib.a(sysctl_11xx.o)
 .ARM.attributes
                0x000001b9       0x31 c:/nxp/mcuxpressoide_10.0.2_411/ide/tools/bin/../lib/gcc/arm-none-eabi/5.4.1/../../../../arm-none-eabi/lib/armv6-m\libcr_c.a(memset.o)
 .ARM.attributes
                0x000001ea       0x21 c:/nxp/mcuxpressoide_10.0.2_411/ide/tools/bin/../lib/gcc/arm-none-eabi/5.4.1/armv6-m\libcr_eabihelpers.a(division_32.o)
 .ARM.attributes
                0x0000020b       0x21 c:/nxp/mcuxpressoide_10.0.2_411/ide/tools/bin/../lib/gcc/arm-none-eabi/5.4.1/armv6-m\libcr_eabihelpers.a(division_idiv0.o)
 .ARM.attributes
                0x0000022c       0x21 c:/nxp/mcuxpressoide_10.0.2_411/ide/tools/bin/../lib/gcc/arm-none-eabi/5.4.1/armv6-m\libcr_eabihelpers.a(memcpy.o)

.debug_frame    0x00000000      0xe6c
 .debug_frame   0x00000000      0x118 ./src/cr_startup_lpc11xx.o
 .debug_frame   0x00000118       0x2c ./src/sysinit.o
 .debug_frame   0x00000144      0x224 ./src/triaxis_I2C_UART.o
 .debug_frame   0x00000368       0x2c C:\Users\aiellog\Documents\MCUXpressoIDE_10.0.2_411\workspace\lpc_chip_11cxx_lib\Debug\liblpc_chip_11cxx_lib.a(chip_11xx.o)
 .debug_frame   0x00000394      0x1c0 C:\Users\aiellog\Documents\MCUXpressoIDE_10.0.2_411\workspace\lpc_chip_11cxx_lib\Debug\liblpc_chip_11cxx_lib.a(clock_11xx.o)
 .debug_frame   0x00000554      0x450 C:\Users\aiellog\Documents\MCUXpressoIDE_10.0.2_411\workspace\lpc_chip_11cxx_lib\Debug\liblpc_chip_11cxx_lib.a(i2c_11xx.o)
 .debug_frame   0x000009a4       0xc8 C:\Users\aiellog\Documents\MCUXpressoIDE_10.0.2_411\workspace\lpc_chip_11cxx_lib\Debug\liblpc_chip_11cxx_lib.a(sysinit_11xx.o)
 .debug_frame   0x00000a6c      0x370 C:\Users\aiellog\Documents\MCUXpressoIDE_10.0.2_411\workspace\lpc_chip_11cxx_lib\Debug\liblpc_chip_11cxx_lib.a(uart_11xx.o)
 .debug_frame   0x00000ddc       0x90 C:\Users\aiellog\Documents\MCUXpressoIDE_10.0.2_411\workspace\lpc_chip_11cxx_lib\Debug\liblpc_chip_11cxx_lib.a(sysctl_11xx.o)
