Archive member included to satisfy reference by file (symbol)

C:\Users\aiellog\Documents\MCUXpressoIDE_10.0.2_411\workspace\lpc_chip_11cxx_lib\Debug\liblpc_chip_11cxx_lib.a(chip_11xx.o)
                              ./src/triaxis_I2C_UART.o (SystemCoreClockUpdate)
C:\Users\aiellog\Documents\MCUXpressoIDE_10.0.2_411\workspace\lpc_chip_11cxx_lib\Debug\liblpc_chip_11cxx_lib.a(clock_11xx.o)
                              C:\Users\aiellog\Documents\MCUXpressoIDE_10.0.2_411\workspace\lpc_chip_11cxx_lib\Debug\liblpc_chip_11cxx_lib.a(chip_11xx.o) (Chip_Clock_GetSystemClockRate)
C:\Users\aiellog\Documents\MCUXpressoIDE_10.0.2_411\workspace\lpc_chip_11cxx_lib\Debug\liblpc_chip_11cxx_lib.a(i2c_11xx.o)
                              ./src/triaxis_I2C_UART.o (Chip_I2C_EventHandlerPolling)
C:\Users\aiellog\Documents\MCUXpressoIDE_10.0.2_411\workspace\lpc_chip_11cxx_lib\Debug\liblpc_chip_11cxx_lib.a(sysinit_11xx.o)
                              ./src/sysinit.o (Chip_SystemInit)
C:\Users\aiellog\Documents\MCUXpressoIDE_10.0.2_411\workspace\lpc_chip_11cxx_lib\Debug\liblpc_chip_11cxx_lib.a(uart_11xx.o)
                              ./src/triaxis_I2C_UART.o (Chip_UART_Init)
C:\Users\aiellog\Documents\MCUXpressoIDE_10.0.2_411\workspace\lpc_chip_11cxx_lib\Debug\liblpc_chip_11cxx_lib.a(ring_buffer.o)
                              C:\Users\aiellog\Documents\MCUXpressoIDE_10.0.2_411\workspace\lpc_chip_11cxx_lib\Debug\liblpc_chip_11cxx_lib.a(uart_11xx.o) (RingBuffer_Insert)
C:\Users\aiellog\Documents\MCUXpressoIDE_10.0.2_411\workspace\lpc_chip_11cxx_lib\Debug\liblpc_chip_11cxx_lib.a(sysctl_11xx.o)
                              C:\Users\aiellog\Documents\MCUXpressoIDE_10.0.2_411\workspace\lpc_chip_11cxx_lib\Debug\liblpc_chip_11cxx_lib.a(sysinit_11xx.o) (Chip_SYSCTL_PowerDown)
c:/nxp/mcuxpressoide_10.0.2_411/ide/tools/bin/../lib/gcc/arm-none-eabi/5.4.1/../../../../arm-none-eabi/lib/armv6-m\libcr_c.a(memcpy.o)
                              C:\Users\aiellog\Documents\MCUXpressoIDE_10.0.2_411\workspace\lpc_chip_11cxx_lib\Debug\liblpc_chip_11cxx_lib.a(ring_buffer.o) (memcpy)
c:/nxp/mcuxpressoide_10.0.2_411/ide/tools/bin/../lib/gcc/arm-none-eabi/5.4.1/../../../../arm-none-eabi/lib/armv6-m\libcr_c.a(memset.o)
                              C:\Users\aiellog\Documents\MCUXpressoIDE_10.0.2_411\workspace\lpc_chip_11cxx_lib\Debug\liblpc_chip_11cxx_lib.a(i2c_11xx.o) (memset)
c:/nxp/mcuxpressoide_10.0.2_411/ide/tools/bin/../lib/gcc/arm-none-eabi/5.4.1/armv6-m\libcr_eabihelpers.a(division_32.o)
                              C:\Users\aiellog\Documents\MCUXpressoIDE_10.0.2_411\workspace\lpc_chip_11cxx_lib\Debug\liblpc_chip_11cxx_lib.a(clock_11xx.o) (__aeabi_uidiv)
c:/nxp/mcuxpressoide_10.0.2_411/ide/tools/bin/../lib/gcc/arm-none-eabi/5.4.1/armv6-m\libcr_eabihelpers.a(division_idiv0.o)
                              c:/nxp/mcuxpressoide_10.0.2_411/ide/tools/bin/../lib/gcc/arm-none-eabi/5.4.1/armv6-m\libcr_eabihelpers.a(division_32.o) (__aeabi_idiv0)
c:/nxp/mcuxpressoide_10.0.2_411/ide/tools/bin/../lib/gcc/arm-none-eabi/5.4.1/armv6-m\libcr_eabihelpers.a(memcpy.o)
                              c:/nxp/mcuxpressoide_10.0.2_411/ide/tools/bin/../lib/gcc/arm-none-eabi/5.4.1/../../../../arm-none-eabi/lib/armv6-m\libcr_c.a(memcpy.o) (__aeabi_memcpy)

Allocating common symbols
Common symbol       size              file

SystemCoreClock     0x4               C:\Users\aiellog\Documents\MCUXpressoIDE_10.0.2_411\workspace\lpc_chip_11cxx_lib\Debug\liblpc_chip_11cxx_lib.a(chip_11xx.o)

Discarded input sections

 .group         0x00000000        0x8 ./src/cr_startup_lpc11xx.o
 .text          0x00000000        0x0 ./src/cr_startup_lpc11xx.o
 .data          0x00000000        0x0 ./src/cr_startup_lpc11xx.o
 .bss           0x00000000        0x0 ./src/cr_startup_lpc11xx.o
 .group         0x00000000        0x8 ./src/sysinit.o
 .group         0x00000000        0x8 ./src/sysinit.o
 .group         0x00000000        0x8 ./src/sysinit.o
 .group         0x00000000        0x8 ./src/sysinit.o
 .group         0x00000000        0x8 ./src/sysinit.o
 .group         0x00000000        0x8 ./src/sysinit.o
 .group         0x00000000        0x8 ./src/sysinit.o
 .group         0x00000000        0x8 ./src/sysinit.o
 .group         0x00000000        0x8 ./src/sysinit.o
 .group         0x00000000        0x8 ./src/sysinit.o
 .group         0x00000000        0x8 ./src/sysinit.o
 .group         0x00000000        0x8 ./src/sysinit.o
 .group         0x00000000        0x8 ./src/sysinit.o
 .group         0x00000000        0x8 ./src/sysinit.o
 .group         0x00000000        0x8 ./src/sysinit.o
 .group         0x00000000        0x8 ./src/sysinit.o
 .group         0x00000000        0x8 ./src/sysinit.o
 .group         0x00000000        0x8 ./src/sysinit.o
 .group         0x00000000        0x8 ./src/sysinit.o
 .group         0x00000000        0x8 ./src/sysinit.o
 .group         0x00000000        0x8 ./src/sysinit.o
[...]
Memory Configuration

Name             Origin             Length             Attributes
MFlash32         0x00000000         0x00008000         xr
RamLoc8          0x10000000         0x00002000         xrw
*default*        0x00000000         0xffffffff

Linker script and memory map

LOAD ./src/cr_startup_lpc11xx.o
LOAD ./src/sysinit.o
LOAD ./src/triaxis_I2C_UART.o
LOAD C:\Users\aiellog\Documents\MCUXpressoIDE_10.0.2_411\workspace\lpc_chip_11cxx_lib\Debug\liblpc_chip_11cxx_lib.a
START GROUP
LOAD c:/nxp/mcuxpressoide_10.0.2_411/ide/tools/bin/../lib/gcc/arm-none-eabi/5.4.1/../../../../arm-none-eabi/lib/armv6-m\libcr_c.a
LOAD c:/nxp/mcuxpressoide_10.0.2_411/ide/tools/bin/../lib/gcc/arm-none-eabi/5.4.1/armv6-m\libcr_eabihelpers.a
END GROUP
                0x00000000                __base_MFlash32 = 0x0
                0x00000000                __base_Flash = 0x0
                0x00008000                __top_MFlash32 = 0x8000
                0x00008000                __top_Flash = 0x8000
                0x10000000                __base_RamLoc8 = 0x10000000
                0x10000000                __base_RAM = 0x10000000
                0x10002000                __top_RamLoc8 = 0x10002000
                0x10002000                __top_RAM = 0x10002000

.text           0x00000000     0x13e4
 FILL mask 0xff
                0x00000000                __vectors_start__ = ABSOLUTE (.)
 *(.isr_vector)
 .isr_vector    0x00000000       0xc0 ./src/cr_startup_lpc11xx.o
                0x00000000                g_pfnVectors
                0x000000c0                . = ALIGN (0x4)
                0x000000c0                __section_table_start = .
                0x000000c0                __data_section_table = .
                0x000000c0        0x4 LONG 0x13e4 LOADADDR (.data)
                0x000000c4        0x4 LONG 0x10000000 ADDR (.data)
                0x000000c8        0x4 LONG 0x20 SIZEOF (.data)
                0x000000cc                __data_section_table_end = .
                0x000000cc                __bss_section_table = .
                0x000000cc        0x4 LONG 0x10000020 ADDR (.bss)
                0x000000d0        0x4 LONG 0xc SIZEOF (.bss)
                0x000000d4                __bss_section_table_end = .
                0x000000d4                __section_table_end = .
 *(.after_vectors*)
 .after_vectors
                0x000000d4      0x124 ./src/cr_startup_lpc11xx.o
                0x000000d4                data_init
                0x00000114                bss_init
                0x00000148                ResetISR
                0x000001c8                NMI_Handler
                0x000001d0                HardFault_Handler
                0x000001d8                SVC_Handler
                0x000001e0                PendSV_Handler
                0x000001e8                SysTick_Handler
                0x000001f0                TIMER32_1_IRQHandler
                0x000001f0                IntDefaultHandler
                0x000001f0                PIOINT1_IRQHandler
                0x000001f0                CAN_IRQHandler
                0x000001f0                TIMER32_0_IRQHandler
                0x000001f0                UART_IRQHandler
                0x000001f0                TIMER16_1_IRQHandler
                0x000001f0                ADC_IRQHandler
                0x000001f0                SSP1_IRQHandler
                0x000001f0                PIOINT2_IRQHandler
                0x000001f0                BOD_IRQHandler
                0x000001f0                WAKEUP_IRQHandler
                0x000001f0                PIOINT0_IRQHandler
                0x000001f0                I2C_IRQHandler
                0x000001f0                WDT_IRQHandler
                0x000001f0                TIMER16_0_IRQHandler
                0x000001f0                SSP0_IRQHandler
                0x000001f0                PIOINT3_IRQHandler
 *(.text*)
 .text.SystemInit
                0x000001f8       0x10 ./src/sysinit.o
                0x000001f8                SystemInit
 .text.NVIC_DisableIRQ
                0x00000208       0x30 ./src/triaxis_I2C_UART.o
 .text.Chip_SYSCTL_AssertPeriphReset
                0x00000238       0x30 ./src/triaxis_I2C_UART.o
 .text.Chip_SYSCTL_DeassertPeriphReset
                0x00000268       0x2c ./src/triaxis_I2C_UART.o
 .text.Chip_SYSCTL_PeriphReset
                0x00000294       0x28 ./src/triaxis_I2C_UART.o
 .text.Chip_Clock_EnablePeriphClock
                0x000002bc       0x30 ./src/triaxis_I2C_UART.o
 .text.Chip_IOCON_PinMuxSet
                0x000002ec       0x28 ./src/triaxis_I2C_UART.o
 .text.Chip_UART_TXEnable
                0x00000314       0x18 ./src/triaxis_I2C_UART.o
 .text.Chip_UART_SetupFIFOS
                0x0000032c       0x18 ./src/triaxis_I2C_UART.o
 .text.Chip_UART_ConfigData
                0x00000344       0x18 ./src/triaxis_I2C_UART.o
 .text.Chip_GPIO_SetPinState
                0x0000035c       0x4c ./src/triaxis_I2C_UART.o
 .text.Chip_GPIO_SetPinDIROutput
                0x000003a8       0x4c ./src/triaxis_I2C_UART.o
 .text.main     0x000003f4       0xbc ./src/triaxis_I2C_UART.o
                0x000003f4                main
 .text.UART_Init
                0x000004b0       0x5c ./src/triaxis_I2C_UART.o
                0x000004b0                UART_Init
 .text.TRIAXIS_Init
                0x0000050c       0x3c ./src/triaxis_I2C_UART.o
                0x0000050c                TRIAXIS_Init
 .text.I2C_Init
                0x00000548       0x58 ./src/triaxis_I2C_UART.o
                0x00000548                I2C_Init
 .text.LED_Init
                0x000005a0       0x64 ./src/triaxis_I2C_UART.o
                0x000005a0                LED_Init
 .text.SystemCoreClockUpdate
                0x00000604       0x18 C:\Users\aiellog\Documents\MCUXpressoIDE_10.0.2_411\workspace\lpc_chip_11cxx_lib\Debug\liblpc_chip_11cxx_lib.a(chip_11xx.o)
                0x00000604                SystemCoreClockUpdate
 .text.Chip_Clock_GetMainOscRate
                0x0000061c       0x14 C:\Users\aiellog\Documents\MCUXpressoIDE_10.0.2_411\workspace\lpc_chip_11cxx_lib\Debug\liblpc_chip_11cxx_lib.a(clock_11xx.o)
 .text.Chip_Clock_GetIntOscRate
                0x00000630       0x10 C:\Users\aiellog\Documents\MCUXpressoIDE_10.0.2_411\workspace\lpc_chip_11cxx_lib\Debug\liblpc_chip_11cxx_lib.a(clock_11xx.o)
 .text.Chip_Clock_GetWDTLFORate
                0x00000640       0x48 C:\Users\aiellog\Documents\MCUXpressoIDE_10.0.2_411\workspace\lpc_chip_11cxx_lib\Debug\liblpc_chip_11cxx_lib.a(clock_11xx.o)
 .text.Chip_Clock_GetPLLFreq
                0x00000688       0x24 C:\Users\aiellog\Documents\MCUXpressoIDE_10.0.2_411\workspace\lpc_chip_11cxx_lib\Debug\liblpc_chip_11cxx_lib.a(clock_11xx.o)
 .text.Chip_Clock_SetSystemPLLSource
                0x000006ac       0x2c C:\Users\aiellog\Documents\MCUXpressoIDE_10.0.2_411\workspace\lpc_chip_11cxx_lib\Debug\liblpc_chip_11cxx_lib.a(clock_11xx.o)
                0x000006ac                Chip_Clock_SetSystemPLLSource
 .text.Chip_Clock_SetMainClockSource
                0x000006d8       0x2c C:\Users\aiellog\Documents\MCUXpressoIDE_10.0.2_411\workspace\lpc_chip_11cxx_lib\Debug\liblpc_chip_11cxx_lib.a(clock_11xx.o)
                0x000006d8                Chip_Clock_SetMainClockSource
 .text.Chip_Clock_GetWDTOSCRate
                0x00000704       0x1c C:\Users\aiellog\Documents\MCUXpressoIDE_10.0.2_411\workspace\lpc_chip_11cxx_lib\Debug\liblpc_chip_11cxx_lib.a(clock_11xx.o)
                0x00000704                Chip_Clock_GetWDTOSCRate
 .text.Chip_Clock_GetSystemPLLInClockRate
                0x00000720       0x40 C:\Users\aiellog\Documents\MCUXpressoIDE_10.0.2_411\workspace\lpc_chip_11cxx_lib\Debug\liblpc_chip_11cxx_lib.a(clock_11xx.o)
                0x00000720                Chip_Clock_GetSystemPLLInClockRate
 .text.Chip_Clock_GetSystemPLLOutClockRate
                0x00000760       0x24 C:\Users\aiellog\Documents\MCUXpressoIDE_10.0.2_411\workspace\lpc_chip_11cxx_lib\Debug\liblpc_chip_11cxx_lib.a(clock_11xx.o)
                0x00000760                Chip_Clock_GetSystemPLLOutClockRate
 .text.Chip_Clock_GetMainClockRate
                0x00000784       0x64 C:\Users\aiellog\Documents\MCUXpressoIDE_10.0.2_411\workspace\lpc_chip_11cxx_lib\Debug\liblpc_chip_11cxx_lib.a(clock_11xx.o)
                0x00000784                Chip_Clock_GetMainClockRate
 .text.Chip_Clock_GetSystemClockRate
                0x000007e8       0x24 C:\Users\aiellog\Documents\MCUXpressoIDE_10.0.2_411\workspace\lpc_chip_11cxx_lib\Debug\liblpc_chip_11cxx_lib.a(clock_11xx.o)
                0x000007e8                Chip_Clock_GetSystemClockRate
 .text.Chip_Clock_EnablePeriphClock
                0x0000080c       0x30 C:\Users\aiellog\Documents\MCUXpressoIDE_10.0.2_411\workspace\lpc_chip_11cxx_lib\Debug\liblpc_chip_11cxx_lib.a(i2c_11xx.o)
 .text.enableClk
                0x0000083c       0x34 C:\Users\aiellog\Documents\MCUXpressoIDE_10.0.2_411\workspace\lpc_chip_11cxx_lib\Debug\liblpc_chip_11cxx_lib.a(i2c_11xx.o)
 .text.getClkRate
                0x00000870       0x1c C:\Users\aiellog\Documents\MCUXpressoIDE_10.0.2_411\workspace\lpc_chip_11cxx_lib\Debug\liblpc_chip_11cxx_lib.a(i2c_11xx.o)
 .text.startMasterXfer
                0x0000088c       0x1c C:\Users\aiellog\Documents\MCUXpressoIDE_10.0.2_411\workspace\lpc_chip_11cxx_lib\Debug\liblpc_chip_11cxx_lib.a(i2c_11xx.o)
 .text.startSlaverXfer
                0x000008a8       0x1c C:\Users\aiellog\Documents\MCUXpressoIDE_10.0.2_411\workspace\lpc_chip_11cxx_lib\Debug\liblpc_chip_11cxx_lib.a(i2c_11xx.o)
 .text.isI2CBusFree
                0x000008c4       0x20 C:\Users\aiellog\Documents\MCUXpressoIDE_10.0.2_411\workspace\lpc_chip_11cxx_lib\Debug\liblpc_chip_11cxx_lib.a(i2c_11xx.o)
 .text.getCurState
                0x000008e4       0x1c C:\Users\aiellog\Documents\MCUXpressoIDE_10.0.2_411\workspace\lpc_chip_11cxx_lib\Debug\liblpc_chip_11cxx_lib.a(i2c_11xx.o)
 .text.handleMasterXferState
                0x00000900      0x120 C:\Users\aiellog\Documents\MCUXpressoIDE_10.0.2_411\workspace\lpc_chip_11cxx_lib\Debug\liblpc_chip_11cxx_lib.a(i2c_11xx.o)
                0x00000900                handleMasterXferState
 .text.Chip_I2C_EventHandler
                0x00000a20       0x50 C:\Users\aiellog\Documents\MCUXpressoIDE_10.0.2_411\workspace\lpc_chip_11cxx_lib\Debug\liblpc_chip_11cxx_lib.a(i2c_11xx.o)
                0x00000a20                Chip_I2C_EventHandler
 .text.Chip_I2C_EventHandlerPolling
                0x00000a70       0x68 C:\Users\aiellog\Documents\MCUXpressoIDE_10.0.2_411\workspace\lpc_chip_11cxx_lib\Debug\liblpc_chip_11cxx_lib.a(i2c_11xx.o)
                0x00000a70                Chip_I2C_EventHandlerPolling
 .text.Chip_I2C_Init
                0x00000ad8       0x38 C:\Users\aiellog\Documents\MCUXpressoIDE_10.0.2_411\workspace\lpc_chip_11cxx_lib\Debug\liblpc_chip_11cxx_lib.a(i2c_11xx.o)
                0x00000ad8                Chip_I2C_Init
 .text.Chip_I2C_SetClockRate
                0x00000b10       0x70 C:\Users\aiellog\Documents\MCUXpressoIDE_10.0.2_411\workspace\lpc_chip_11cxx_lib\Debug\liblpc_chip_11cxx_lib.a(i2c_11xx.o)
                0x00000b10                Chip_I2C_SetClockRate
 .text.Chip_I2C_SetMasterEventHandler
                0x00000b80       0x48 C:\Users\aiellog\Documents\MCUXpressoIDE_10.0.2_411\workspace\lpc_chip_11cxx_lib\Debug\liblpc_chip_11cxx_lib.a(i2c_11xx.o)
                0x00000b80                Chip_I2C_SetMasterEventHandler
 .text.Chip_I2C_MasterTransfer
                0x00000bc8       0xa4 C:\Users\aiellog\Documents\MCUXpressoIDE_10.0.2_411\workspace\lpc_chip_11cxx_lib\Debug\liblpc_chip_11cxx_lib.a(i2c_11xx.o)
                0x00000bc8                Chip_I2C_MasterTransfer
 .text.Chip_I2C_MasterCmdRead
                0x00000c6c       0x84 C:\Users\aiellog\Documents\MCUXpressoIDE_10.0.2_411\workspace\lpc_chip_11cxx_lib\Debug\liblpc_chip_11cxx_lib.a(i2c_11xx.o)
                0x00000c6c                Chip_I2C_MasterCmdRead
 .text.Chip_I2C_MasterStateHandler
                0x00000cf0       0x64 C:\Users\aiellog\Documents\MCUXpressoIDE_10.0.2_411\workspace\lpc_chip_11cxx_lib\Debug\liblpc_chip_11cxx_lib.a(i2c_11xx.o)
                0x00000cf0                Chip_I2C_MasterStateHandler
 .text.Chip_I2C_IsStateChanged
                0x00000d54       0x34 C:\Users\aiellog\Documents\MCUXpressoIDE_10.0.2_411\workspace\lpc_chip_11cxx_lib\Debug\liblpc_chip_11cxx_lib.a(i2c_11xx.o)
                0x00000d54                Chip_I2C_IsStateChanged
 .text.Chip_FMC_SetFLASHAccess
                0x00000d88       0x30 C:\Users\aiellog\Documents\MCUXpressoIDE_10.0.2_411\workspace\lpc_chip_11cxx_lib\Debug\liblpc_chip_11cxx_lib.a(sysinit_11xx.o)
 .text.Chip_Clock_SetupSystemPLL
                0x00000db8       0x38 C:\Users\aiellog\Documents\MCUXpressoIDE_10.0.2_411\workspace\lpc_chip_11cxx_lib\Debug\liblpc_chip_11cxx_lib.a(sysinit_11xx.o)
 .text.Chip_Clock_IsSystemPLLLocked
                0x00000df0       0x1c C:\Users\aiellog\Documents\MCUXpressoIDE_10.0.2_411\workspace\lpc_chip_11cxx_lib\Debug\liblpc_chip_11cxx_lib.a(sysinit_11xx.o)
 .text.Chip_Clock_SetSysClockDiv
                0x00000e0c       0x1c C:\Users\aiellog\Documents\MCUXpressoIDE_10.0.2_411\workspace\lpc_chip_11cxx_lib\Debug\liblpc_chip_11cxx_lib.a(sysinit_11xx.o)
 .text.Chip_Clock_EnablePeriphClock
                0x00000e28       0x30 C:\Users\aiellog\Documents\MCUXpressoIDE_10.0.2_411\workspace\lpc_chip_11cxx_lib\Debug\liblpc_chip_11cxx_lib.a(sysinit_11xx.o)
 .text.Chip_SystemInit
                0x00000e58       0x5c C:\Users\aiellog\Documents\MCUXpressoIDE_10.0.2_411\workspace\lpc_chip_11cxx_lib\Debug\liblpc_chip_11cxx_lib.a(sysinit_11xx.o)
                0x00000e58                Chip_SystemInit
 .text.Chip_Clock_EnablePeriphClock
                0x00000eb4       0x30 C:\Users\aiellog\Documents\MCUXpressoIDE_10.0.2_411\workspace\lpc_chip_11cxx_lib\Debug\liblpc_chip_11cxx_lib.a(uart_11xx.o)
 .text.Chip_Clock_SetUARTClockDiv
                0x00000ee4       0x1c C:\Users\aiellog\Documents\MCUXpressoIDE_10.0.2_411\workspace\lpc_chip_11cxx_lib\Debug\liblpc_chip_11cxx_lib.a(uart_11xx.o)
 .text.Chip_UART_SendByte
                0x00000f00       0x20 C:\Users\aiellog\Documents\MCUXpressoIDE_10.0.2_411\workspace\lpc_chip_11cxx_lib\Debug\liblpc_chip_11cxx_lib.a(uart_11xx.o)
 .text.Chip_UART_SetupFIFOS
                0x00000f20       0x18 C:\Users\aiellog\Documents\MCUXpressoIDE_10.0.2_411\workspace\lpc_chip_11cxx_lib\Debug\liblpc_chip_11cxx_lib.a(uart_11xx.o)
 .text.Chip_UART_ConfigData
                0x00000f38       0x18 C:\Users\aiellog\Documents\MCUXpressoIDE_10.0.2_411\workspace\lpc_chip_11cxx_lib\Debug\liblpc_chip_11cxx_lib.a(uart_11xx.o)
 .text.Chip_UART_EnableDivisorAccess
                0x00000f50       0x1c C:\Users\aiellog\Documents\MCUXpressoIDE_10.0.2_411\workspace\lpc_chip_11cxx_lib\Debug\liblpc_chip_11cxx_lib.a(uart_11xx.o)
 .text.Chip_UART_DisableDivisorAccess
                0x00000f6c       0x20 C:\Users\aiellog\Documents\MCUXpressoIDE_10.0.2_411\workspace\lpc_chip_11cxx_lib\Debug\liblpc_chip_11cxx_lib.a(uart_11xx.o)
 .text.Chip_UART_SetDivisorLatches
                0x00000f8c       0x30 C:\Users\aiellog\Documents\MCUXpressoIDE_10.0.2_411\workspace\lpc_chip_11cxx_lib\Debug\liblpc_chip_11cxx_lib.a(uart_11xx.o)
 .text.Chip_UART_ReadLineStatus
                0x00000fbc       0x14 C:\Users\aiellog\Documents\MCUXpressoIDE_10.0.2_411\workspace\lpc_chip_11cxx_lib\Debug\liblpc_chip_11cxx_lib.a(uart_11xx.o)
 .text.Chip_UART_Init
                0x00000fd0       0x38 C:\Users\aiellog\Documents\MCUXpressoIDE_10.0.2_411\workspace\lpc_chip_11cxx_lib\Debug\liblpc_chip_11cxx_lib.a(uart_11xx.o)
                0x00000fd0                Chip_UART_Init
 .text.Chip_UART_Send
                0x00001008       0x54 C:\Users\aiellog\Documents\MCUXpressoIDE_10.0.2_411\workspace\lpc_chip_11cxx_lib\Debug\liblpc_chip_11cxx_lib.a(uart_11xx.o)
                0x00001008                Chip_UART_Send
 .text.Chip_UART_SendBlocking
                0x0000105c       0x50 C:\Users\aiellog\Documents\MCUXpressoIDE_10.0.2_411\workspace\lpc_chip_11cxx_lib\Debug\liblpc_chip_11cxx_lib.a(uart_11xx.o)
                0x0000105c                Chip_UART_SendBlocking
 .text.Chip_UART_SetBaud
                0x000010ac       0x64 C:\Users\aiellog\Documents\MCUXpressoIDE_10.0.2_411\workspace\lpc_chip_11cxx_lib\Debug\liblpc_chip_11cxx_lib.a(uart_11xx.o)
                0x000010ac                Chip_UART_SetBaud
 .text.Chip_SYSCTL_PowerDown
                0x00001110       0x40 C:\Users\aiellog\Documents\MCUXpressoIDE_10.0.2_411\workspace\lpc_chip_11cxx_lib\Debug\liblpc_chip_11cxx_lib.a(sysctl_11xx.o)
                0x00001110                Chip_SYSCTL_PowerDown
 .text.Chip_SYSCTL_PowerUp
                0x00001150       0x40 C:\Users\aiellog\Documents\MCUXpressoIDE_10.0.2_411\workspace\lpc_chip_11cxx_lib\Debug\liblpc_chip_11cxx_lib.a(sysctl_11xx.o)
                0x00001150                Chip_SYSCTL_PowerUp
 .text.memset   0x00001190        0x8 c:/nxp/mcuxpressoide_10.0.2_411/ide/tools/bin/../lib/gcc/arm-none-eabi/5.4.1/../../../../arm-none-eabi/lib/armv6-m\libcr_c.a(memset.o)
                0x00001190                memset
 .text.__aeabi_division_idivmod
                0x00001198       0x78 c:/nxp/mcuxpressoide_10.0.2_411/ide/tools/bin/../lib/gcc/arm-none-eabi/5.4.1/armv6-m\libcr_eabihelpers.a(division_32.o)
                0x00001198                __aeabi_idivmod
                0x00001198                __aeabi_idiv
                0x0000119e                __aeabi_uidivmod
                0x0000119e                __aeabi_uidiv
 .text.__aeabi_division_idiv0
                0x00001210        0x2 c:/nxp/mcuxpressoide_10.0.2_411/ide/tools/bin/../lib/gcc/arm-none-eabi/5.4.1/armv6-m\libcr_eabihelpers.a(division_idiv0.o)
                0x00001210                __aeabi_idiv0
 .text.__aeabi_memset_lowlevel
                0x00001212       0x2a c:/nxp/mcuxpressoide_10.0.2_411/ide/tools/bin/../lib/gcc/arm-none-eabi/5.4.1/armv6-m\libcr_eabihelpers.a(memcpy.o)
                0x00001212                __aeabi_lowlevel_memset
 *(.rodata .rodata.* .constdata .constdata.*)
 .rodata.OscRateIn
                0x0000123c        0x4 ./src/sysinit.o
                0x0000123c                OscRateIn
 .rodata.wdtOSCRate
                0x00001240       0x40 C:\Users\aiellog\Documents\MCUXpressoIDE_10.0.2_411\workspace\lpc_chip_11cxx_lib\Debug\liblpc_chip_11cxx_lib.a(clock_11xx.o)
 .rodata.handleMasterXferState
                0x00001280      0x164 C:\Users\aiellog\Documents\MCUXpressoIDE_10.0.2_411\workspace\lpc_chip_11cxx_lib\Debug\liblpc_chip_11cxx_lib.a(i2c_11xx.o)
                0x000013e4                . = ALIGN (0x4)

.glue_7         0x000013e4        0x0
 .glue_7        0x000013e4        0x0 linker stubs

.glue_7t        0x000013e4        0x0
 .glue_7t       0x000013e4        0x0 linker stubs

.vfp11_veneer   0x000013e4        0x0
 .vfp11_veneer  0x000013e4        0x0 linker stubs

.v4_bx          0x000013e4        0x0
 .v4_bx         0x000013e4        0x0 linker stubs

.iplt           0x000013e4        0x0
 .iplt          0x000013e4        0x0 ./src/cr_startup_lpc11xx.o

.rel.dyn        0x000013e4        0x0
 .rel.iplt      0x000013e4        0x0 ./src/cr_startup_lpc11xx.o

.ARM.extab
 *(.ARM.extab* .gnu.linkonce.armextab.*)
                0x000013e4                __exidx_start = .

.ARM.exidx
 *(.ARM.exidx* .gnu.linkonce.armexidx.*)
                0x000013e4                __exidx_end = .
                0x000013e4                _etext = .

.uninit_RESERVED
                0x10000000        0x0
 *(.bss.$RESERVED*)
                0x10000000                . = ALIGN (0x4)
                0x10000000                _end_uninit_RESERVED = .

.data           0x10000000       0x20 load address 0x000013e4
 FILL mask 0xff
                0x10000000                _data = .
 *(vtable)
 *(.ramfunc*)
 *(.data*)
 .data.LED_state
                0x10000000        0x1 ./src/triaxis_I2C_UART.o
                0x10000000                LED_state
 *fill*         0x10000001        0x3 ff
 .data.i2c      0x10000004       0x1c C:\Users\aiellog\Documents\MCUXpressoIDE_10.0.2_411\workspace\lpc_chip_11cxx_lib\Debug\liblpc_chip_11cxx_lib.a(i2c_11xx.o)
                0x10000020                . = ALIGN (0x4)
                0x10000020                _edata = .

.igot.plt       0x10000020        0x0 load address 0x00001404
 .igot.plt      0x10000020        0x0 ./src/cr_startup_lpc11xx.o

.bss            0x10000020        0xc load address 0x00001404
                0x10000020                _bss = .
 *(.bss*)
 .bss.data      0x10000020        0x7 ./src/triaxis_I2C_UART.o
                0x10000020                data
 .bss.status    0x10000027        0x1 ./src/triaxis_I2C_UART.o
                0x10000027                status
 *(COMMON)
 COMMON         0x10000028        0x4 C:\Users\aiellog\Documents\MCUXpressoIDE_10.0.2_411\workspace\lpc_chip_11cxx_lib\Debug\liblpc_chip_11cxx_lib.a(chip_11xx.o)
                0x10000028                SystemCoreClock
                0x1000002c                . = ALIGN (0x4)
                0x1000002c                _ebss = .
                [!provide]                PROVIDE (end, .)

.noinit         0x1000002c        0x0 load address 0x00001404
                0x1000002c                _noinit = .
 *(.noinit*)
                0x1000002c                . = ALIGN (0x4)
                0x1000002c                _end_noinit = .
                [!provide]                PROVIDE (_pvHeapStart, DEFINED (__user_heap_base)?__user_heap_base:.)
                0x10002000                PROVIDE (_vStackTop, DEFINED (__user_stack_top)?__user_stack_top:(__top_RamLoc8 - 0x0))
                0xefffdb1d                PROVIDE (__valid_user_code_checksum, (0x0 - (((_vStackTop + (ResetISR + 0x1)) + (DEFINED (NMI_Handler)?NMI_Handler:M0_NMI_Handler + 0x1)) + (DEFINED (HardFault_Handler)?HardFault_Handler:M0_HardFault_Handler + 0x1))))
OUTPUT(triaxis_I2C_UART.axf elf32-littlearm)

.debug_info     0x00000000     0x47d8
 .debug_info    0x00000000      0x203 ./src/cr_startup_lpc11xx.o
 .debug_info    0x00000203       0xd3 ./src/sysinit.o
 .debug_info    0x000002d6      0xef1 ./src/triaxis_I2C_UART.o
 .debug_info    0x000011c7       0xc2 C:\Users\aiellog\Documents\MCUXpressoIDE_10.0.2_411\workspace\lpc_chip_11cxx_lib\Debug\liblpc_chip_11cxx_lib.a(chip_11xx.o)
 .debug_info    0x00001289      0x893 C:\Users\aiellog\Documents\MCUXpressoIDE_10.0.2_411\workspace\lpc_chip_11cxx_lib\Debug\liblpc_chip_11cxx_lib.a(clock_11xx.o)
 .debug_info    0x00001b1c     0x10ad C:\Users\aiellog\Documents\MCUXpressoIDE_10.0.2_411\workspace\lpc_chip_11cxx_lib\Debug\liblpc_chip_11cxx_lib.a(i2c_11xx.o)
 .debug_info    0x00002bc9      0x7f6 C:\Users\aiellog\Documents\MCUXpressoIDE_10.0.2_411\workspace\lpc_chip_11cxx_lib\Debug\liblpc_chip_11cxx_lib.a(sysinit_11xx.o)
 .debug_info    0x000033bf      0xe86 C:\Users\aiellog\Documents\MCUXpressoIDE_10.0.2_411\workspace\lpc_chip_11cxx_lib\Debug\liblpc_chip_11cxx_lib.a(uart_11xx.o)
 .debug_info    0x00004245      0x593 C:\Users\aiellog\Documents\MCUXpressoIDE_10.0.2_411\workspace\lpc_chip_11cxx_lib\Debug\liblpc_chip_11cxx_lib.a(sysctl_11xx.o)

.debug_abbrev   0x00000000      0xd3e
 .debug_abbrev  0x00000000       0xe6 ./src/cr_startup_lpc11xx.o
 .debug_abbrev  0x000000e6       0x6a ./src/sysinit.o
 .debug_abbrev  0x00000150      0x2a0 ./src/triaxis_I2C_UART.o
 .debug_abbrev  0x000003f0       0x7b C:\Users\aiellog\Documents\MCUXpressoIDE_10.0.2_411\workspace\lpc_chip_11cxx_lib\Debug\liblpc_chip_11cxx_lib.a(chip_11xx.o)
 .debug_abbrev  0x0000046b      0x1c0 C:\Users\aiellog\Documents\MCUXpressoIDE_10.0.2_411\workspace\lpc_chip_11cxx_lib\Debug\liblpc_chip_11cxx_lib.a(clock_11xx.o)
 .debug_abbrev  0x0000062b      0x2d1 C:\Users\aiellog\Documents\MCUXpressoIDE_10.0.2_411\workspace\lpc_chip_11cxx_lib\Debug\liblpc_chip_11cxx_lib.a(i2c_11xx.o)
 .debug_abbrev  0x000008fc      0x171 C:\Users\aiellog\Documents\MCUXpressoIDE_10.0.2_411\workspace\lpc_chip_11cxx_lib\Debug\liblpc_chip_11cxx_lib.a(sysinit_11xx.o)
 .debug_abbrev  0x00000a6d      0x203 C:\Users\aiellog\Documents\MCUXpressoIDE_10.0.2_411\workspace\lpc_chip_11cxx_lib\Debug\liblpc_chip_11cxx_lib.a(uart_11xx.o)
 .debug_abbrev  0x00000c70       0xce C:\Users\aiellog\Documents\MCUXpressoIDE_10.0.2_411\workspace\lpc_chip_11cxx_lib\Debug\liblpc_chip_11cxx_lib.a(sysctl_11xx.o)

.debug_aranges  0x00000000      0x458
 .debug_aranges
                0x00000000       0x60 ./src/cr_startup_lpc11xx.o
 .debug_aranges
                0x00000060       0x20 ./src/sysinit.o
 .debug_aranges
                0x00000080       0x98 ./src/triaxis_I2C_UART.o
 .debug_aranges
                0x00000118       0x20 C:\Users\aiellog\Documents\MCUXpressoIDE_10.0.2_411\workspace\lpc_chip_11cxx_lib\Debug\liblpc_chip_11cxx_lib.a(chip_11xx.o)
 .debug_aranges
                0x00000138       0x88 C:\Users\aiellog\Documents\MCUXpressoIDE_10.0.2_411\workspace\lpc_chip_11cxx_lib\Debug\liblpc_chip_11cxx_lib.a(clock_11xx.o)
 .debug_aranges
                0x000001c0      0x128 C:\Users\aiellog\Documents\MCUXpressoIDE_10.0.2_411\workspace\lpc_chip_11cxx_lib\Debug\liblpc_chip_11cxx_lib.a(i2c_11xx.o)
 .debug_aranges
                0x000002e8       0x48 C:\Users\aiellog\Documents\MCUXpressoIDE_10.0.2_411\workspace\lpc_chip_11cxx_lib\Debug\liblpc_chip_11cxx_lib.a(sysinit_11xx.o)
 .debug_aranges
                0x00000330       0xf0 C:\Users\aiellog\Documents\MCUXpressoIDE_10.0.2_411\workspace\lpc_chip_11cxx_lib\Debug\liblpc_chip_11cxx_lib.a(uart_11xx.o)
 .debug_aranges
                0x00000420       0x38 C:\Users\aiellog\Documents\MCUXpressoIDE_10.0.2_411\workspace\lpc_chip_11cxx_lib\Debug\liblpc_chip_11cxx_lib.a(sysctl_11xx.o)

.debug_ranges   0x00000000      0x3c8
 .debug_ranges  0x00000000       0x50 ./src/cr_startup_lpc11xx.o
 .debug_ranges  0x00000050       0x10 ./src/sysinit.o
 .debug_ranges  0x00000060       0x88 ./src/triaxis_I2C_UART.o
 .debug_ranges  0x000000e8       0x10 C:\Users\aiellog\Documents\MCUXpressoIDE_10.0.2_411\workspace\lpc_chip_11cxx_lib\Debug\liblpc_chip_11cxx_lib.a(chip_11xx.o)
 .debug_ranges  0x000000f8       0x78 C:\Users\aiellog\Documents\MCUXpressoIDE_10.0.2_411\workspace\lpc_chip_11cxx_lib\Debug\liblpc_chip_11cxx_lib.a(clock_11xx.o)
 .debug_ranges  0x00000170      0x118 C:\Users\aiellog\Documents\MCUXpressoIDE_10.0.2_411\workspace\lpc_chip_11cxx_lib\Debug\liblpc_chip_11cxx_lib.a(i2c_11xx.o)
 .debug_ranges  0x00000288       0x38 C:\Users\aiellog\Documents\MCUXpressoIDE_10.0.2_411\workspace\lpc_chip_11cxx_lib\Debug\liblpc_chip_11cxx_lib.a(sysinit_11xx.o)
 .debug_ranges  0x000002c0       0xe0 C:\Users\aiellog\Documents\MCUXpressoIDE_10.0.2_411\workspace\lpc_chip_11cxx_lib\Debug\liblpc_chip_11cxx_lib.a(uart_11xx.o)
 .debug_ranges  0x000003a0       0x28 C:\Users\aiellog\Documents\MCUXpressoIDE_10.0.2_411\workspace\lpc_chip_11cxx_lib\Debug\liblpc_chip_11cxx_lib.a(sysctl_11xx.o)

.debug_macro    0x00000000     0x35e0
 .debug_macro   0x00000000       0x1d ./src/cr_startup_lpc11xx.o
 .debug_macro   0x0000001d      0x838 ./src/cr_startup_lpc11xx.o
 .debug_macro   0x00000855      0x16f ./src/sysinit.o
 .debug_macro   0x000009c4       0x22 ./src/sysinit.o
 .debug_macro   0x000009e6       0x87 ./src/sysinit.o
 .debug_macro   0x00000a6d       0x44 ./src/sysinit.o
 .debug_macro   0x00000ab1       0xfd ./src/sysinit.o
 .debug_macro   0x00000bae       0x5e ./src/sysinit.o
 .debug_macro   0x00000c0c      0x1df ./src/sysinit.o
 .debug_macro   0x00000deb       0x22 ./src/sysinit.o
 .debug_macro   0x00000e0d       0x66 ./src/sysinit.o
 .debug_macro   0x00000e73       0x10 ./src/sysinit.o
 .debug_macro   0x00000e83       0x1f ./src/sysinit.o
 .debug_macro   0x00000ea2       0x3a ./src/sysinit.o
 .debug_macro   0x00000edc      0x241 ./src/sysinit.o
 .debug_macro   0x0000111d      0x117 ./src/sysinit.o
 .debug_macro   0x00001234       0x22 ./src/sysinit.o
 .debug_macro   0x00001256       0xb2 ./src/sysinit.o
 .debug_macro   0x00001308       0x10 ./src/sysinit.o
 .debug_macro   0x00001318      0x137 ./src/sysinit.o
 .debug_macro   0x0000144f       0x4c ./src/sysinit.o
 .debug_macro   0x0000149b       0x16 ./src/sysinit.o
 .debug_macro   0x000014b1      0x31a ./src/sysinit.o
 .debug_macro   0x000017cb       0x2e ./src/sysinit.o
 .debug_macro   0x000017f9       0xb8 ./src/sysinit.o
 .debug_macro   0x000018b1       0x11 ./src/sysinit.o
 .debug_macro   0x000018c2       0x7c ./src/sysinit.o
 .debug_macro   0x0000193e      0x21c ./src/sysinit.o
 .debug_macro   0x00001b5a      0x113 ./src/sysinit.o
 .debug_macro   0x00001c6d      0x1c3 ./src/triaxis_I2C_UART.o
 .debug_macro   0x00001e30      0x148 C:\Users\aiellog\Documents\MCUXpressoIDE_10.0.2_411\workspace\lpc_chip_11cxx_lib\Debug\liblpc_chip_11cxx_lib.a(chip_11xx.o)
 .debug_macro   0x00001f78      0x838 C:\Users\aiellog\Documents\MCUXpressoIDE_10.0.2_411\workspace\lpc_chip_11cxx_lib\Debug\liblpc_chip_11cxx_lib.a(chip_11xx.o)
 .debug_macro   0x000027b0       0x10 C:\Users\aiellog\Documents\MCUXpressoIDE_10.0.2_411\workspace\lpc_chip_11cxx_lib\Debug\liblpc_chip_11cxx_lib.a(chip_11xx.o)
 .debug_macro   0x000027c0      0x12d C:\Users\aiellog\Documents\MCUXpressoIDE_10.0.2_411\workspace\lpc_chip_11cxx_lib\Debug\liblpc_chip_11cxx_lib.a(chip_11xx.o)
 .debug_macro   0x000028ed      0x5b2 C:\Users\aiellog\Documents\MCUXpressoIDE_10.0.2_411\workspace\lpc_chip_11cxx_lib\Debug\liblpc_chip_11cxx_lib.a(chip_11xx.o)
 .debug_macro   0x00002e9f       0x22 C:\Users\aiellog\Documents\MCUXpressoIDE_10.0.2_411\workspace\lpc_chip_11cxx_lib\Debug\liblpc_chip_11cxx_lib.a(chip_11xx.o)
 .debug_macro   0x00002ec1       0x7b C:\Users\aiellog\Documents\MCUXpressoIDE_10.0.2_411\workspace\lpc_chip_11cxx_lib\Debug\liblpc_chip_11cxx_lib.a(chip_11xx.o)
 .debug_macro   0x00002f3c      0x148 C:\Users\aiellog\Documents\MCUXpressoIDE_10.0.2_411\workspace\lpc_chip_11cxx_lib\Debug\liblpc_chip_11cxx_lib.a(clock_11xx.o)
 .debug_macro   0x00003084      0x15a C:\Users\aiellog\Documents\MCUXpressoIDE_10.0.2_411\workspace\lpc_chip_11cxx_lib\Debug\liblpc_chip_11cxx_lib.a(i2c_11xx.o)
 .debug_macro   0x000031de      0x148 C:\Users\aiellog\Documents\MCUXpressoIDE_10.0.2_411\workspace\lpc_chip_11cxx_lib\Debug\liblpc_chip_11cxx_lib.a(sysinit_11xx.o)
 .debug_macro   0x00003326      0x148 C:\Users\aiellog\Documents\MCUXpressoIDE_10.0.2_411\workspace\lpc_chip_11cxx_lib\Debug\liblpc_chip_11cxx_lib.a(uart_11xx.o)
 .debug_macro   0x0000346e      0x172 C:\Users\aiellog\Documents\MCUXpressoIDE_10.0.2_411\workspace\lpc_chip_11cxx_lib\Debug\liblpc_chip_11cxx_lib.a(sysctl_11xx.o)

.debug_line     0x00000000     0x21c8
 .debug_line    0x00000000       0xb8 ./src/cr_startup_lpc11xx.o
 .debug_line    0x000000b8      0x390 ./src/sysinit.o
 .debug_line    0x00000448      0x509 ./src/triaxis_I2C_UART.o
 .debug_line    0x00000951      0x2c7 C:\Users\aiellog\Documents\MCUXpressoIDE_10.0.2_411\workspace\lpc_chip_11cxx_lib\Debug\liblpc_chip_11cxx_lib.a(chip_11xx.o)
 .debug_line    0x00000c18      0x3f2 C:\Users\aiellog\Documents\MCUXpressoIDE_10.0.2_411\workspace\lpc_chip_11cxx_lib\Debug\liblpc_chip_11cxx_lib.a(clock_11xx.o)
 .debug_line    0x0000100a      0x645 C:\Users\aiellog\Documents\MCUXpressoIDE_10.0.2_411\workspace\lpc_chip_11cxx_lib\Debug\liblpc_chip_11cxx_lib.a(i2c_11xx.o)
 .debug_line    0x0000164f      0x33e C:\Users\aiellog\Documents\MCUXpressoIDE_10.0.2_411\workspace\lpc_chip_11cxx_lib\Debug\liblpc_chip_11cxx_lib.a(sysinit_11xx.o)
 .debug_line    0x0000198d      0x537 C:\Users\aiellog\Documents\MCUXpressoIDE_10.0.2_411\workspace\lpc_chip_11cxx_lib\Debug\liblpc_chip_11cxx_lib.a(uart_11xx.o)
 .debug_line    0x00001ec4      0x304 C:\Users\aiellog\Documents\MCUXpressoIDE_10.0.2_411\workspace\lpc_chip_11cxx_lib\Debug\liblpc_chip_11cxx_lib.a(sysctl_11xx.o)

.debug_str      0x00000000     0xa930
 .debug_str     0x00000000     0x250c ./src/cr_startup_lpc11xx.o
                               0x251f (size before relaxing)
 .debug_str     0x0000250c     0x4f3d ./src/sysinit.o
                               0x74a4 (size before relaxing)
 .debug_str     0x00007449      0xcb0 ./src/triaxis_I2C_UART.o
                               0x817c (size before relaxing)
 .debug_str     0x000080f9     0x17d2 C:\Users\aiellog\Documents\MCUXpressoIDE_10.0.2_411\workspace\lpc_chip_11cxx_lib\Debug\liblpc_chip_11cxx_lib.a(chip_11xx.o)
                               0x7cba (size before relaxing)
 .debug_str     0x000098cb      0x555 C:\Users\aiellog\Documents\MCUXpressoIDE_10.0.2_411\workspace\lpc_chip_11cxx_lib\Debug\liblpc_chip_11cxx_lib.a(clock_11xx.o)
                               0x847e (size before relaxing)
 .debug_str     0x00009e20      0x5a4 C:\Users\aiellog\Documents\MCUXpressoIDE_10.0.2_411\workspace\lpc_chip_11cxx_lib\Debug\liblpc_chip_11cxx_lib.a(i2c_11xx.o)
                               0x86b5 (size before relaxing)
 .debug_str     0x0000a3c4      0x136 C:\Users\aiellog\Documents\MCUXpressoIDE_10.0.2_411\workspace\lpc_chip_11cxx_lib\Debug\liblpc_chip_11cxx_lib.a(sysinit_11xx.o)
                               0x8321 (size before relaxing)
 .debug_str     0x0000a4fa      0x297 C:\Users\aiellog\Documents\MCUXpressoIDE_10.0.2_411\workspace\lpc_chip_11cxx_lib\Debug\liblpc_chip_11cxx_lib.a(uart_11xx.o)
                               0x8432 (size before relaxing)
 .debug_str     0x0000a791      0x19f C:\Users\aiellog\Documents\MCUXpressoIDE_10.0.2_411\workspace\lpc_chip_11cxx_lib\Debug\liblpc_chip_11cxx_lib.a(sysctl_11xx.o)
                               0x80c8 (size before relaxing)

.comment        0x00000000       0x6e
 .comment       0x00000000       0x6e ./src/cr_startup_lpc11xx.o
                                 0x6f (size before relaxing)
 .comment       0x0000006e       0x6f ./src/sysinit.o
 .comment       0x0000006e       0x6f ./src/triaxis_I2C_UART.o
 .comment       0x0000006e       0x6f C:\Users\aiellog\Documents\MCUXpressoIDE_10.0.2_411\workspace\lpc_chip_11cxx_lib\Debug\liblpc_chip_11cxx_lib.a(chip_11xx.o)
 .comment       0x0000006e       0x6f C:\Users\aiellog\Documents\MCUXpressoIDE_10.0.2_411\workspace\lpc_chip_11cxx_lib\Debug\liblpc_chip_11cxx_lib.a(clock_11xx.o)
 .comment       0x0000006e       0x6f C:\Users\aiellog\Documents\MCUXpressoIDE_10.0.2_411\workspace\lpc_chip_11cxx_lib\Debug\liblpc_chip_11cxx_lib.a(i2c_11xx.o)
 .comment       0x0000006e       0x6f C:\Users\aiellog\Documents\MCUXpressoIDE_10.0.2_411\workspace\lpc_chip_11cxx_lib\Debug\liblpc_chip_11cxx_lib.a(sysinit_11xx.o)
 .comment       0x0000006e       0x6f C:\Users\aiellog\Documents\MCUXpressoIDE_10.0.2_411\workspace\lpc_chip_11cxx_lib\Debug\liblpc_chip_11cxx_lib.a(uart_11xx.o)
 .comment       0x0000006e       0x6f C:\Users\aiellog\Documents\MCUXpressoIDE_10.0.2_411\workspace\lpc_chip_11cxx_lib\Debug\liblpc_chip_11cxx_lib.a(sysctl_11xx.o)
 .comment       0x0000006e       0x6f c:/nxp/mcuxpressoide_10.0.2_411/ide/tools/bin/../lib/gcc/arm-none-eabi/5.4.1/../../../../arm-none-eabi/lib/armv6-m\libcr_c.a(memset.o)

.ARM.attributes
                0x00000000       0x2f
 .ARM.attributes
                0x00000000       0x31 ./src/cr_startup_lpc11xx.o
 .ARM.attributes
                0x00000031       0x31 ./src/sysinit.o
 .ARM.attributes
                0x00000062       0x31 ./src/triaxis_I2C_UART.o
 .ARM.attributes
                0x00000093       0x31 C:\Users\aiellog\Documents\MCUXpressoIDE_10.0.2_411\workspace\lpc_chip_11cxx_lib\Debug\liblpc_chip_11cxx_lib.a(chip_11xx.o)
 .ARM.attributes
                0x000000c4       0x31 C:\Users\aiellog\Documents\MCUXpressoIDE_10.0.2_411\workspace\lpc_chip_11cxx_lib\Debug\liblpc_chip_11cxx_lib.a(clock_11xx.o)
 .ARM.attributes
                0x000000f5       0x31 C:\Users\aiellog\Documents\MCUXpressoIDE_10.0.2_411\workspace\lpc_chip_11cxx_lib\Debug\liblpc_chip_11cxx_lib.a(i2c_11xx.o)
 .ARM.attributes
                0x00000126       0x31 C:\Users\aiellog\Documents\MCUXpressoIDE_10.0.2_411\workspace\lpc_chip_11cxx_lib\Debug\liblpc_chip_11cxx_lib.a(sysinit_11xx.o)
 .ARM.attributes
                0x00000157       0x31 C:\Users\aiellog\Documents\MCUXpressoIDE_10.0.2_411\workspace\lpc_chip_11cxx_lib\Debug\liblpc_chip_11cxx_lib.a(uart_11xx.o)
 .ARM.attributes
                0x00000188       0x31 C:\Users\aiellog\Documents\MCUXpressoIDE_10.0.2_411\workspace\lpc_chip_11cxx_lib\Debug\liblpc_chip_11cxx_lib.a(sysctl_11xx.o)
 .ARM.attributes
                0x000001b9       0x31 c:/nxp/mcuxpressoide_10.0.2_411/ide/tools/bin/../lib/gcc/arm-none-eabi/5.4.1/../../../../arm-none-eabi/lib/armv6-m\libcr_c.a(memset.o)
 .ARM.attributes
                0x000001ea       0x21 c:/nxp/mcuxpressoide_10.0.2_411/ide/tools/bin/../lib/gcc/arm-none-eabi/5.4.1/armv6-m\libcr_eabihelpers.a(division_32.o)
 .ARM.attributes
                0x0000020b       0x21 c:/nxp/mcuxpressoide_10.0.2_411/ide/tools/bin/../lib/gcc/arm-none-eabi/5.4.1/armv6-m\libcr_eabihelpers.a(division_idiv0.o)
 .ARM.attributes
                0x0000022c       0x21 c:/nxp/mcuxpressoide_10.0.2_411/ide/tools/bin/../lib/gcc/arm-none-eabi/5.4.1/armv6-m\libcr_eabihelpers.a(memcpy.o)

.debug_frame    0x00000000      0xe4c
 .debug_frame   0x00000000      0x118 ./src/cr_startup_lpc11xx.o
 .debug_frame   0x00000118       0x2c ./src/sysinit.o
 .debug_frame   0x00000144      0x204 ./src/triaxis_I2C_UART.o
 .debug_frame   0x00000348       0x2c C:\Users\aiellog\Documents\MCUXpressoIDE_10.0.2_411\workspace\lpc_chip_11cxx_lib\Debug\liblpc_chip_11cxx_lib.a(chip_11xx.o)
 .debug_frame   0x00000374      0x1c0 C:\Users\aiellog\Documents\MCUXpressoIDE_10.0.2_411\workspace\lpc_chip_11cxx_lib\Debug\liblpc_chip_11cxx_lib.a(clock_11xx.o)
 .debug_frame   0x00000534      0x450 C:\Users\aiellog\Documents\MCUXpressoIDE_10.0.2_411\workspace\lpc_chip_11cxx_lib\Debug\liblpc_chip_11cxx_lib.a(i2c_11xx.o)
 .debug_frame   0x00000984       0xc8 C:\Users\aiellog\Documents\MCUXpressoIDE_10.0.2_411\workspace\lpc_chip_11cxx_lib\Debug\liblpc_chip_11cxx_lib.a(sysinit_11xx.o)
 .debug_frame   0x00000a4c      0x370 C:\Users\aiellog\Documents\MCUXpressoIDE_10.0.2_411\workspace\lpc_chip_11cxx_lib\Debug\liblpc_chip_11cxx_lib.a(uart_11xx.o)
 .debug_frame   0x00000dbc       0x90 C:\Users\aiellog\Documents\MCUXpressoIDE_10.0.2_411\workspace\lpc_chip_11cxx_lib\Debug\liblpc_chip_11cxx_lib.a(sysctl_11xx.o)
